<html>
<body>
<pre>
<h1>µVision Build Log</h1>
<h2>Tool Versions:</h2>
IDE-Version: ¦ÌVision V5.14.0.0
Copyright (C) 2015 ARM Ltd and ARM Germany GmbH. All rights reserved.
License Information: safa Microsoft, Microsoft, LIC=3UURA-157H9-MS7YP-M9G93-15VIK-3ETB0
 
Tool Versions:
Toolchain:       MDK-ARM Professional  Version: 5.14.0.0
Toolchain Path:  E:\MDK5\ARM\ARMCC\Bin
C Compiler:      Armcc.exe V5.05 update 1 (build 106)
Assembler:       Armasm.exe V5.05 update 1 (build 106)
Linker/Locator:  ArmLink.exe V5.05 update 1 (build 106)
Library Manager: ArmAr.exe V5.05 update 1 (build 106)
Hex Converter:   FromElf.exe V5.05 update 1 (build 106)
CPU DLL:         SARMCM3.DLL V5.14.0.0
Dialog DLL:      DCM.DLL V1.13.1.0
Target DLL:      Segger\JL2CM3.dll V2.99.13.0
Dialog DLL:      TCM.DLL V1.14.4.0
 
<h2>Project:</h2>
C:\Users\MsTS\Desktop\final\USER\Template.uvprojx
Project File Date:  05/21/2017

<h2>Output:</h2>
Build target 'Template'
compiling main.c...
..\HARDWARE\timer\timer.h(9): warning:  #1-D: last line of file ends without a newline
  #endif
main.c: 1 warning, 0 errors
compiling timer.c...
..\HARDWARE\timer\timer.h(9): warning:  #1-D: last line of file ends without a newline
  #endif
..\HARDWARE\timer\timer.c(90): warning:  #1-D: last line of file ends without a newline
  }
..\HARDWARE\timer\timer.c: 2 warnings, 0 errors
linking...
Program Size: Code=23824 RO-data=436 RW-data=180 ZI-data=34812  
FromELF: creating hex file...
"..\OBJ\Template.axf" - 0 Error(s), 3 Warning(s).

<h2>Collection of Component include folders:</h2>
  C:\Users\MsTS\Desktop\final\USER\RTE
  E:\MDK5\ARM\PACK\Keil\STM32F4xx_DFP\2.9.0

<h2>Collection of Component Files used:</h2>
</pre>
</body>
</html>
