Component: ARM Compiler 5.05 update 1 (build 106) Tool: armlink [4d0efa]

==============================================================================

Section Cross References

    main.o(.text) refers to printfa.o(i.__0sprintf) for __2sprintf
    main.o(.text) refers to f2d.o(.text) for __aeabi_f2d
    main.o(.text) refers to 24l01.o(.text) for NRF24L01_TxPacket
    main.o(.text) refers to memseta.o(.text) for __aeabi_memclr
    main.o(.text) refers to misc.o(.text) for NVIC_PriorityGroupConfig
    main.o(.text) refers to delay.o(.text) for delay_init
    main.o(.text) refers to beep.o(.text) for BEEP_Init
    main.o(.text) refers to robot_action.o(.text) for move_init
    main.o(.text) refers to stm32f4xx_gpio.o(.text) for GPIO_ResetBits
    main.o(.text) refers to usart.o(.text) for uart_init
    main.o(.text) refers to my_usart.o(.text) for usart2_init
    main.o(.text) refers to motor_ps2.o(.text) for PS2_Init
    main.o(.text) refers to pid_control.o(.text) for pid_control_suspend
    main.o(.text) refers to timer.o(.text) for timer2_init
    main.o(.text) refers to main.o(.data) for button1
    main.o(.text) refers to main.o(.bss) for rxbuff
    main.o(.text) refers to sensor_driver.o(.data) for stcAngle1
    main.o(.text) refers to robot_action.o(.data) for global_speed
    system_stm32f4xx.o(.text) refers to system_stm32f4xx.o(.data) for SystemCoreClock
    startup_stm32f40_41xxx.o(RESET) refers to startup_stm32f40_41xxx.o(STACK) for __initial_sp
    startup_stm32f40_41xxx.o(RESET) refers to startup_stm32f40_41xxx.o(.text) for Reset_Handler
    startup_stm32f40_41xxx.o(RESET) refers to stm32f4xx_it.o(.text) for NMI_Handler
    startup_stm32f40_41xxx.o(RESET) refers to motor_driver.o(.text) for CAN1_TX_IRQHandler
    startup_stm32f40_41xxx.o(RESET) refers to timer.o(.text) for TIM2_IRQHandler
    startup_stm32f40_41xxx.o(RESET) refers to usart.o(.text) for USART1_IRQHandler
    startup_stm32f40_41xxx.o(RESET) refers to my_usart.o(.text) for USART2_IRQHandler
    startup_stm32f40_41xxx.o(.text) refers to system_stm32f4xx.o(.text) for SystemInit
    startup_stm32f40_41xxx.o(.text) refers to entry.o(.ARM.Collect$$$$00000000) for __main
    stm32f4xx_adc.o(.text) refers to stm32f4xx_rcc.o(.text) for RCC_APB2PeriphResetCmd
    stm32f4xx_can.o(.text) refers to stm32f4xx_rcc.o(.text) for RCC_APB1PeriphResetCmd
    stm32f4xx_cryp.o(.text) refers to stm32f4xx_rcc.o(.text) for RCC_AHB2PeriphResetCmd
    stm32f4xx_cryp_aes.o(.text) refers to stm32f4xx_cryp.o(.text) for CRYP_KeyStructInit
    stm32f4xx_cryp_des.o(.text) refers to stm32f4xx_cryp.o(.text) for CRYP_KeyStructInit
    stm32f4xx_cryp_tdes.o(.text) refers to stm32f4xx_cryp.o(.text) for CRYP_KeyStructInit
    stm32f4xx_dac.o(.text) refers to stm32f4xx_rcc.o(.text) for RCC_APB1PeriphResetCmd
    stm32f4xx_dma2d.o(.text) refers to stm32f4xx_rcc.o(.text) for RCC_AHB1PeriphResetCmd
    stm32f4xx_fsmc.o(.text) refers to stm32f4xx_fsmc.o(.constdata) for FSMC_DefaultTimingStruct
    stm32f4xx_gpio.o(.text) refers to stm32f4xx_rcc.o(.text) for RCC_AHB1PeriphResetCmd
    stm32f4xx_hash.o(.text) refers to stm32f4xx_rcc.o(.text) for RCC_AHB2PeriphResetCmd
    stm32f4xx_hash_md5.o(.text) refers to stm32f4xx_hash.o(.text) for HASH_DeInit
    stm32f4xx_hash_sha1.o(.text) refers to stm32f4xx_hash.o(.text) for HASH_DeInit
    stm32f4xx_i2c.o(.text) refers to stm32f4xx_rcc.o(.text) for RCC_APB1PeriphResetCmd
    stm32f4xx_ltdc.o(.text) refers to stm32f4xx_rcc.o(.text) for RCC_APB2PeriphResetCmd
    stm32f4xx_pwr.o(.text) refers to stm32f4xx_rcc.o(.text) for RCC_APB1PeriphResetCmd
    stm32f4xx_rcc.o(.text) refers to stm32f4xx_rcc.o(.data) for APBAHBPrescTable
    stm32f4xx_rng.o(.text) refers to stm32f4xx_rcc.o(.text) for RCC_AHB2PeriphResetCmd
    stm32f4xx_sai.o(.text) refers to stm32f4xx_rcc.o(.text) for RCC_APB2PeriphResetCmd
    stm32f4xx_sdio.o(.text) refers to stm32f4xx_rcc.o(.text) for RCC_APB2PeriphResetCmd
    stm32f4xx_spi.o(.text) refers to stm32f4xx_rcc.o(.text) for RCC_APB2PeriphResetCmd
    stm32f4xx_syscfg.o(.text) refers to stm32f4xx_rcc.o(.text) for RCC_APB2PeriphResetCmd
    stm32f4xx_tim.o(.text) refers to stm32f4xx_rcc.o(.text) for RCC_APB2PeriphResetCmd
    stm32f4xx_usart.o(.text) refers to stm32f4xx_rcc.o(.text) for RCC_APB2PeriphResetCmd
    stm32f4xx_wwdg.o(.text) refers to stm32f4xx_rcc.o(.text) for RCC_APB1PeriphResetCmd
    delay.o(.text) refers to misc.o(.text) for SysTick_CLKSourceConfig
    delay.o(.text) refers to delay.o(.data) for fac_us
    usart.o(.text) refers to stm32f4xx_rcc.o(.text) for RCC_AHB1PeriphClockCmd
    usart.o(.text) refers to stm32f4xx_gpio.o(.text) for GPIO_PinAFConfig
    usart.o(.text) refers to stm32f4xx_usart.o(.text) for USART_Init
    usart.o(.text) refers to misc.o(.text) for NVIC_Init
    usart.o(.text) refers to usart.o(.data) for USART_RX_STA
    usart.o(.text) refers to usart.o(.bss) for USART_RX_BUF
    sensor_driver.o(.text) refers to sensor_driver.o(.data) for ucRxCnt
[...]
    ../clib/microlib/init/entry.s            0x00000000   Number         0  entry10b.o ABSOLUTE
    ../clib/microlib/init/entry.s            0x00000000   Number         0  entry11b.o ABSOLUTE
    ../clib/microlib/init/entry.s            0x00000000   Number         0  entry2.o ABSOLUTE
    ../clib/microlib/init/entry.s            0x00000000   Number         0  entry7a.o ABSOLUTE
    ../clib/microlib/init/entry.s            0x00000000   Number         0  entry.o ABSOLUTE
    ../clib/microlib/init/entry.s            0x00000000   Number         0  entry5.o ABSOLUTE
    ../clib/microlib/init/entry.s            0x00000000   Number         0  entry11a.o ABSOLUTE
    ../clib/microlib/longlong.c              0x00000000   Number         0  llsshr.o ABSOLUTE
    ../clib/microlib/longlong.c              0x00000000   Number         0  llushr.o ABSOLUTE
    ../clib/microlib/longlong.c              0x00000000   Number         0  llshl.o ABSOLUTE
    ../clib/microlib/malloc/malloc.c         0x00000000   Number         0  malloc.o ABSOLUTE
    ../clib/microlib/malloc/malloc.c         0x00000000   Number         0  mallocra.o ABSOLUTE
    ../clib/microlib/malloc/malloc.c         0x00000000   Number         0  malloca.o ABSOLUTE
    ../clib/microlib/malloc/malloc.c         0x00000000   Number         0  mallocr.o ABSOLUTE
    ../clib/microlib/malloc/mvars.c          0x00000000   Number         0  mvars.o ABSOLUTE
    ../clib/microlib/printf/printf.c         0x00000000   Number         0  printf4.o ABSOLUTE
    ../clib/microlib/printf/printf.c         0x00000000   Number         0  printf1.o ABSOLUTE
    ../clib/microlib/printf/printf.c         0x00000000   Number         0  printf2.o ABSOLUTE
    ../clib/microlib/printf/printf.c         0x00000000   Number         0  printf3.o ABSOLUTE
    ../clib/microlib/printf/printf.c         0x00000000   Number         0  printf5.o ABSOLUTE
    ../clib/microlib/printf/printf.c         0x00000000   Number         0  printf6.o ABSOLUTE
    ../clib/microlib/printf/printf.c         0x00000000   Number         0  printf8.o ABSOLUTE
    ../clib/microlib/printf/printf.c         0x00000000   Number         0  printfa.o ABSOLUTE
    ../clib/microlib/printf/printf.c         0x00000000   Number         0  printf7.o ABSOLUTE
    ../clib/microlib/printf/printf.c         0x00000000   Number         0  printf0.o ABSOLUTE
    ../clib/microlib/printf/printf.c         0x00000000   Number         0  printfb.o ABSOLUTE
    ../clib/microlib/printf/stubs.s          0x00000000   Number         0  stubs.o ABSOLUTE
    ../clib/microlib/string/memcpy.c         0x00000000   Number         0  memcpyb.o ABSOLUTE
    ../clib/microlib/string/memcpy.c         0x00000000   Number         0  memcpya.o ABSOLUTE
    ../clib/microlib/string/memset.c         0x00000000   Number         0  memseta.o ABSOLUTE
    ../clib/microlib/stubs.s                 0x00000000   Number         0  useno.o ABSOLUTE
    ../clib/microlib/stubs.s                 0x00000000   Number         0  iusefp.o ABSOLUTE
    ../fplib/microlib/f2d.c                  0x00000000   Number         0  f2d.o ABSOLUTE
    ../fplib/microlib/fpadd.c                0x00000000   Number         0  dadd.o ABSOLUTE
    ../fplib/microlib/fpdiv.c                0x00000000   Number         0  ddiv.o ABSOLUTE
    ../fplib/microlib/fpepilogue.c           0x00000000   Number         0  depilogue.o ABSOLUTE
    ../fplib/microlib/fpfix.c                0x00000000   Number         0  dfixul.o ABSOLUTE
    ../fplib/microlib/fpmul.c                0x00000000   Number         0  dmul.o ABSOLUTE
    ..\CORE\startup_stm32f40_41xxx.s         0x00000000   Number         0  startup_stm32f40_41xxx.o ABSOLUTE
    ..\FWLIB\src\misc.c                      0x00000000   Number         0  misc.o ABSOLUTE
    ..\FWLIB\src\stm32f4xx_adc.c             0x00000000   Number         0  stm32f4xx_adc.o ABSOLUTE
    ..\FWLIB\src\stm32f4xx_can.c             0x00000000   Number         0  stm32f4xx_can.o ABSOLUTE
    ..\FWLIB\src\stm32f4xx_crc.c             0x00000000   Number         0  stm32f4xx_crc.o ABSOLUTE
    ..\FWLIB\src\stm32f4xx_cryp.c            0x00000000   Number         0  stm32f4xx_cryp.o ABSOLUTE
    ..\FWLIB\src\stm32f4xx_cryp_aes.c        0x00000000   Number         0  stm32f4xx_cryp_aes.o ABSOLUTE
    ..\FWLIB\src\stm32f4xx_cryp_des.c        0x00000000   Number         0  stm32f4xx_cryp_des.o ABSOLUTE
    ..\FWLIB\src\stm32f4xx_cryp_tdes.c       0x00000000   Number         0  stm32f4xx_cryp_tdes.o ABSOLUTE
    ..\FWLIB\src\stm32f4xx_dac.c             0x00000000   Number         0  stm32f4xx_dac.o ABSOLUTE
    ..\FWLIB\src\stm32f4xx_dbgmcu.c          0x00000000   Number         0  stm32f4xx_dbgmcu.o ABSOLUTE
    ..\FWLIB\src\stm32f4xx_dcmi.c            0x00000000   Number         0  stm32f4xx_dcmi.o ABSOLUTE
    ..\FWLIB\src\stm32f4xx_dma.c             0x00000000   Number         0  stm32f4xx_dma.o ABSOLUTE
    ..\FWLIB\src\stm32f4xx_dma2d.c           0x00000000   Number         0  stm32f4xx_dma2d.o ABSOLUTE
    ..\FWLIB\src\stm32f4xx_exti.c            0x00000000   Number         0  stm32f4xx_exti.o ABSOLUTE
    ..\FWLIB\src\stm32f4xx_flash.c           0x00000000   Number         0  stm32f4xx_flash.o ABSOLUTE
    ..\FWLIB\src\stm32f4xx_flash_ramfunc.c   0x00000000   Number         0  stm32f4xx_flash_ramfunc.o ABSOLUTE
    ..\FWLIB\src\stm32f4xx_fsmc.c            0x00000000   Number         0  stm32f4xx_fsmc.o ABSOLUTE
    ..\FWLIB\src\stm32f4xx_gpio.c            0x00000000   Number         0  stm32f4xx_gpio.o ABSOLUTE
    ..\FWLIB\src\stm32f4xx_hash.c            0x00000000   Number         0  stm32f4xx_hash.o ABSOLUTE
    ..\FWLIB\src\stm32f4xx_hash_md5.c        0x00000000   Number         0  stm32f4xx_hash_md5.o ABSOLUTE
    ..\FWLIB\src\stm32f4xx_hash_sha1.c       0x00000000   Number         0  stm32f4xx_hash_sha1.o ABSOLUTE
    ..\FWLIB\src\stm32f4xx_i2c.c             0x00000000   Number         0  stm32f4xx_i2c.o ABSOLUTE
    ..\FWLIB\src\stm32f4xx_iwdg.c            0x00000000   Number         0  stm32f4xx_iwdg.o ABSOLUTE
    ..\FWLIB\src\stm32f4xx_ltdc.c            0x00000000   Number         0  stm32f4xx_ltdc.o ABSOLUTE
    ..\FWLIB\src\stm32f4xx_pwr.c             0x00000000   Number         0  stm32f4xx_pwr.o ABSOLUTE
    ..\FWLIB\src\stm32f4xx_rcc.c             0x00000000   Number         0  stm32f4xx_rcc.o ABSOLUTE
    ..\FWLIB\src\stm32f4xx_rng.c             0x00000000   Number         0  stm32f4xx_rng.o ABSOLUTE
    ..\FWLIB\src\stm32f4xx_rtc.c             0x00000000   Number         0  stm32f4xx_rtc.o ABSOLUTE
    ..\FWLIB\src\stm32f4xx_sai.c             0x00000000   Number         0  stm32f4xx_sai.o ABSOLUTE
    ..\FWLIB\src\stm32f4xx_sdio.c            0x00000000   Number         0  stm32f4xx_sdio.o ABSOLUTE
    ..\FWLIB\src\stm32f4xx_spi.c             0x00000000   Number         0  stm32f4xx_spi.o ABSOLUTE
    ..\FWLIB\src\stm32f4xx_syscfg.c          0x00000000   Number         0  stm32f4xx_syscfg.o ABSOLUTE
    ..\FWLIB\src\stm32f4xx_tim.c             0x00000000   Number         0  stm32f4xx_tim.o ABSOLUTE
    ..\FWLIB\src\stm32f4xx_usart.c           0x00000000   Number         0  stm32f4xx_usart.o ABSOLUTE
    ..\FWLIB\src\stm32f4xx_wwdg.c            0x00000000   Number         0  stm32f4xx_wwdg.o ABSOLUTE
    ..\HARDWARE\beep\beep.c                  0x00000000   Number         0  beep.o ABSOLUTE
    ..\HARDWARE\gpio\gpio.c                  0x00000000   Number         0  gpio.o ABSOLUTE
    ..\HARDWARE\motor_control\robot_action.c 0x00000000   Number         0  robot_action.o ABSOLUTE
    ..\HARDWARE\motor_control\robot_delay.c  0x00000000   Number         0  robot_delay.o ABSOLUTE
    ..\HARDWARE\motor_driver\motor_driver.c  0x00000000   Number         0  motor_driver.o ABSOLUTE
    ..\HARDWARE\motor_ps2\motor_ps2.c        0x00000000   Number         0  motor_ps2.o ABSOLUTE
    ..\HARDWARE\my_usart\my_usart.c          0x00000000   Number         0  my_usart.o ABSOLUTE
    ..\HARDWARE\nrf24l01\24l01.c             0x00000000   Number         0  24l01.o ABSOLUTE
    ..\HARDWARE\pid_control\pid_control.c    0x00000000   Number         0  pid_control.o ABSOLUTE
    ..\HARDWARE\sensor_driver\sensor_driver.c 0x00000000   Number         0  sensor_driver.o ABSOLUTE
    ..\HARDWARE\spi\spi.c                    0x00000000   Number         0  spi.o ABSOLUTE
    ..\HARDWARE\timer\timer.c                0x00000000   Number         0  timer.o ABSOLUTE
    ..\SYSTEM\delay\delay.c                  0x00000000   Number         0  delay.o ABSOLUTE
    ..\SYSTEM\sys\sys.c                      0x00000000   Number         0  sys.o ABSOLUTE
    ..\SYSTEM\usart\usart.c                  0x00000000   Number         0  usart.o ABSOLUTE
    ..\\FWLIB\\src\\misc.c                   0x00000000   Number         0  misc.o ABSOLUTE
    ..\\FWLIB\\src\\stm32f4xx_adc.c          0x00000000   Number         0  stm32f4xx_adc.o ABSOLUTE
    ..\\FWLIB\\src\\stm32f4xx_can.c          0x00000000   Number         0  stm32f4xx_can.o ABSOLUTE
    ..\\FWLIB\\src\\stm32f4xx_crc.c          0x00000000   Number         0  stm32f4xx_crc.o ABSOLUTE
    ..\\FWLIB\\src\\stm32f4xx_cryp.c         0x00000000   Number         0  stm32f4xx_cryp.o ABSOLUTE
    ..\\FWLIB\\src\\stm32f4xx_cryp_aes.c     0x00000000   Number         0  stm32f4xx_cryp_aes.o ABSOLUTE
    ..\\FWLIB\\src\\stm32f4xx_cryp_des.c     0x00000000   Number         0  stm32f4xx_cryp_des.o ABSOLUTE
    ..\\FWLIB\\src\\stm32f4xx_cryp_tdes.c    0x00000000   Number         0  stm32f4xx_cryp_tdes.o ABSOLUTE
    ..\\FWLIB\\src\\stm32f4xx_dac.c          0x00000000   Number         0  stm32f4xx_dac.o ABSOLUTE
    ..\\FWLIB\\src\\stm32f4xx_dbgmcu.c       0x00000000   Number         0  stm32f4xx_dbgmcu.o ABSOLUTE
    ..\\FWLIB\\src\\stm32f4xx_dcmi.c         0x00000000   Number         0  stm32f4xx_dcmi.o ABSOLUTE
    ..\\FWLIB\\src\\stm32f4xx_dma.c          0x00000000   Number         0  stm32f4xx_dma.o ABSOLUTE
    ..\\FWLIB\\src\\stm32f4xx_dma2d.c        0x00000000   Number         0  stm32f4xx_dma2d.o ABSOLUTE
    ..\\FWLIB\\src\\stm32f4xx_exti.c         0x00000000   Number         0  stm32f4xx_exti.o ABSOLUTE
    ..\\FWLIB\\src\\stm32f4xx_flash.c        0x00000000   Number         0  stm32f4xx_flash.o ABSOLUTE
    ..\\FWLIB\\src\\stm32f4xx_flash_ramfunc.c 0x00000000   Number         0  stm32f4xx_flash_ramfunc.o ABSOLUTE
    ..\\FWLIB\\src\\stm32f4xx_fsmc.c         0x00000000   Number         0  stm32f4xx_fsmc.o ABSOLUTE
    ..\\FWLIB\\src\\stm32f4xx_gpio.c         0x00000000   Number         0  stm32f4xx_gpio.o ABSOLUTE
    ..\\FWLIB\\src\\stm32f4xx_hash.c         0x00000000   Number         0  stm32f4xx_hash.o ABSOLUTE
    ..\\FWLIB\\src\\stm32f4xx_hash_md5.c     0x00000000   Number         0  stm32f4xx_hash_md5.o ABSOLUTE
    ..\\FWLIB\\src\\stm32f4xx_hash_sha1.c    0x00000000   Number         0  stm32f4xx_hash_sha1.o ABSOLUTE
    ..\\FWLIB\\src\\stm32f4xx_i2c.c          0x00000000   Number         0  stm32f4xx_i2c.o ABSOLUTE
    ..\\FWLIB\\src\\stm32f4xx_iwdg.c         0x00000000   Number         0  stm32f4xx_iwdg.o ABSOLUTE
    ..\\FWLIB\\src\\stm32f4xx_ltdc.c         0x00000000   Number         0  stm32f4xx_ltdc.o ABSOLUTE
    ..\\FWLIB\\src\\stm32f4xx_pwr.c          0x00000000   Number         0  stm32f4xx_pwr.o ABSOLUTE
    ..\\FWLIB\\src\\stm32f4xx_rcc.c          0x00000000   Number         0  stm32f4xx_rcc.o ABSOLUTE
    ..\\FWLIB\\src\\stm32f4xx_rng.c          0x00000000   Number         0  stm32f4xx_rng.o ABSOLUTE
    ..\\FWLIB\\src\\stm32f4xx_rtc.c          0x00000000   Number         0  stm32f4xx_rtc.o ABSOLUTE
    ..\\FWLIB\\src\\stm32f4xx_sai.c          0x00000000   Number         0  stm32f4xx_sai.o ABSOLUTE
    ..\\FWLIB\\src\\stm32f4xx_sdio.c         0x00000000   Number         0  stm32f4xx_sdio.o ABSOLUTE
    ..\\FWLIB\\src\\stm32f4xx_spi.c          0x00000000   Number         0  stm32f4xx_spi.o ABSOLUTE
    ..\\FWLIB\\src\\stm32f4xx_syscfg.c       0x00000000   Number         0  stm32f4xx_syscfg.o ABSOLUTE
    ..\\FWLIB\\src\\stm32f4xx_tim.c          0x00000000   Number         0  stm32f4xx_tim.o ABSOLUTE
    ..\\FWLIB\\src\\stm32f4xx_usart.c        0x00000000   Number         0  stm32f4xx_usart.o ABSOLUTE
    ..\\FWLIB\\src\\stm32f4xx_wwdg.c         0x00000000   Number         0  stm32f4xx_wwdg.o ABSOLUTE
    ..\\HARDWARE\\beep\\beep.c               0x00000000   Number         0  beep.o ABSOLUTE
    ..\\HARDWARE\\gpio\\gpio.c               0x00000000   Number         0  gpio.o ABSOLUTE
    ..\\HARDWARE\\motor_control\\robot_action.c 0x00000000   Number         0  robot_action.o ABSOLUTE
    ..\\HARDWARE\\motor_driver\\motor_driver.c 0x00000000   Number         0  motor_driver.o ABSOLUTE
    ..\\HARDWARE\\motor_ps2\\motor_ps2.c     0x00000000   Number         0  motor_ps2.o ABSOLUTE
    ..\\HARDWARE\\my_usart\\my_usart.c       0x00000000   Number         0  my_usart.o ABSOLUTE
    ..\\HARDWARE\\nrf24l01\\24l01.c          0x00000000   Number         0  24l01.o ABSOLUTE
    ..\\HARDWARE\\pid_control\\pid_control.c 0x00000000   Number         0  pid_control.o ABSOLUTE
    ..\\HARDWARE\\spi\\spi.c                 0x00000000   Number         0  spi.o ABSOLUTE
    ..\\HARDWARE\\timer\\timer.c             0x00000000   Number         0  timer.o ABSOLUTE
    ..\\SYSTEM\\delay\\delay.c               0x00000000   Number         0  delay.o ABSOLUTE
    ..\\SYSTEM\\sys\\sys.c                   0x00000000   Number         0  sys.o ABSOLUTE
    ..\\SYSTEM\\usart\\usart.c               0x00000000   Number         0  usart.o ABSOLUTE
    cdrcmple.s                               0x00000000   Number         0  cdrcmple.o ABSOLUTE
    dc.s                                     0x00000000   Number         0  dc.o ABSOLUTE
    handlers.s                               0x00000000   Number         0  handlers.o ABSOLUTE
    init.s                                   0x00000000   Number         0  init.o ABSOLUTE
    main.c                                   0x00000000   Number         0  main.o ABSOLUTE
    main.c                                   0x00000000   Number         0  main.o ABSOLUTE
    stm32f4xx_it.c                           0x00000000   Number         0  stm32f4xx_it.o ABSOLUTE
    stm32f4xx_it.c                           0x00000000   Number         0  stm32f4xx_it.o ABSOLUTE
    system_stm32f4xx.c                       0x00000000   Number         0  system_stm32f4xx.o ABSOLUTE
    system_stm32f4xx.c                       0x00000000   Number         0  system_stm32f4xx.o ABSOLUTE
    RESET                                    0x08000000   Section      392  startup_stm32f40_41xxx.o(RESET)
    .ARM.Collect$$$$00000000                 0x08000188   Section        0  entry.o(.ARM.Collect$$$$00000000)
    .ARM.Collect$$$$00000001                 0x08000188   Section        4  entry2.o(.ARM.Collect$$$$00000001)
    .ARM.Collect$$$$00000004                 0x0800018c   Section        4  entry5.o(.ARM.Collect$$$$00000004)
    .ARM.Collect$$$$00000008                 0x08000190   Section        0  entry7b.o(.ARM.Collect$$$$00000008)
    .ARM.Collect$$$$0000000A                 0x08000190   Section        0  entry8b.o(.ARM.Collect$$$$0000000A)
    .ARM.Collect$$$$0000000B                 0x08000190   Section        8  entry9a.o(.ARM.Collect$$$$0000000B)
    .ARM.Collect$$$$0000000D                 0x08000198   Section        0  entry10a.o(.ARM.Collect$$$$0000000D)
    .ARM.Collect$$$$0000000F                 0x08000198   Section        0  entry11a.o(.ARM.Collect$$$$0000000F)
    .ARM.Collect$$$$00002712                 0x08000198   Section        4  entry2.o(.ARM.Collect$$$$00002712)
    __lit__00000000                          0x08000198   Data           4  entry2.o(.ARM.Collect$$$$00002712)
    .text                                    0x0800019c   Section        0  main.o(.text)
    .text                                    0x080004a8   Section        0  stm32f4xx_it.o(.text)
    .text                                    0x080004c4   Section        0  system_stm32f4xx.o(.text)
    SetSysClock                              0x080004c5   Thumb Code   220  system_stm32f4xx.o(.text)
    .text                                    0x080006d4   Section       36  startup_stm32f40_41xxx.o(.text)
    $v0                                      0x080006d4   Number         0  startup_stm32f40_41xxx.o(.text)
    .text                                    0x080006f8   Section        0  misc.o(.text)
    .text                                    0x080007d8   Section        0  stm32f4xx_can.o(.text)
    CheckITStatus                            0x08000fdb   Thumb Code    18  stm32f4xx_can.o(.text)
    .text                                    0x080011c8   Section        0  stm32f4xx_gpio.o(.text)
    .text                                    0x0800145c   Section        0  stm32f4xx_rcc.o(.text)
    .text                                    0x08001ab8   Section        0  stm32f4xx_spi.o(.text)
    .text                                    0x08001f38   Section        0  stm32f4xx_tim.o(.text)
    TI4_Config                               0x080026d7   Thumb Code    80  stm32f4xx_tim.o(.text)
    TI3_Config                               0x08002739   Thumb Code    72  stm32f4xx_tim.o(.text)
    TI2_Config                               0x0800279b   Thumb Code    90  stm32f4xx_tim.o(.text)
    TI1_Config                               0x08002807   Thumb Code    58  stm32f4xx_tim.o(.text)
    .text                                    0x08002bdc   Section        0  stm32f4xx_usart.o(.text)
    .text                                    0x08003030   Section        0  delay.o(.text)
    .text                                    0x08003134   Section        0  usart.o(.text)
    .text                                    0x0800327c   Section        0  sensor_driver.o(.text)
    .text                                    0x08003360   Section        0  motor_driver.o(.text)
    .text                                    0x08003d60   Section        0  pid_control.o(.text)
    .text                                    0x08004058   Section        0  my_usart.o(.text)
    .text                                    0x080042d0   Section        0  timer.o(.text)
    .text                                    0x080043b0   Section        0  robot_action.o(.text)
    .text                                    0x080046a0   Section        0  robot_delay.o(.text)
    .text                                    0x080046d8   Section        0  beep.o(.text)
    .text                                    0x08004718   Section        0  motor_ps2.o(.text)
    .text                                    0x08004b34   Section        0  24l01.o(.text)
    .text                                    0x08004e88   Section        0  spi.o(.text)
    .text                                    0x08004fa0   Section        0  memseta.o(.text)
    .text                                    0x08004fc4   Section        0  f2d.o(.text)
    .text                                    0x08004fea   Section        0  uidiv.o(.text)
    .text                                    0x08005016   Section        0  uldiv.o(.text)
    .text                                    0x08005078   Section        0  dadd.o(.text)
    .text                                    0x08005078   Section        0  iusefp.o(.text)
    .text                                    0x080051c6   Section        0  dmul.o(.text)
    .text                                    0x080052aa   Section        0  ddiv.o(.text)
    .text                                    0x08005388   Section        0  dfixul.o(.text)
    .text                                    0x080053b8   Section       48  cdrcmple.o(.text)
    .text                                    0x080053e8   Section       36  init.o(.text)
    .text                                    0x0800540c   Section        0  llshl.o(.text)
    .text                                    0x0800542a   Section        0  llushr.o(.text)
    .text                                    0x0800544a   Section        0  llsshr.o(.text)
    .text                                    0x0800546e   Section        0  depilogue.o(.text)
    i.__0printf                              0x08005528   Section        0  printfa.o(i.__0printf)
    i.__0sprintf                             0x08005548   Section        0  printfa.o(i.__0sprintf)
    i.__scatterload_copy                     0x08005570   Section       14  handlers.o(i.__scatterload_copy)
    i.__scatterload_null                     0x0800557e   Section        2  handlers.o(i.__scatterload_null)
    i.__scatterload_zeroinit                 0x08005580   Section       14  handlers.o(i.__scatterload_zeroinit)
    i._fp_digits                             0x08005590   Section        0  printfa.o(i._fp_digits)
    _fp_digits                               0x08005591   Thumb Code   334  printfa.o(i._fp_digits)
    i._printf_core                           0x080056f4   Section        0  printfa.o(i._printf_core)
    _printf_core                             0x080056f5   Thumb Code  1744  printfa.o(i._printf_core)
    i._printf_post_padding                   0x08005dd0   Section        0  printfa.o(i._printf_post_padding)
    _printf_post_padding                     0x08005dd1   Thumb Code    36  printfa.o(i._printf_post_padding)
    i._printf_pre_padding                    0x08005df4   Section        0  printfa.o(i._printf_pre_padding)
    _printf_pre_padding                      0x08005df5   Thumb Code    46  printfa.o(i._printf_pre_padding)
    i._sputc                                 0x08005e22   Section        0  printfa.o(i._sputc)
    _sputc                                   0x08005e23   Thumb Code    10  printfa.o(i._sputc)
    i.malloc                                 0x08005e2c   Section        0  malloc.o(i.malloc)
    .constdata                               0x08005e98   Section       10  24l01.o(.constdata)
    .data                                    0x20000000   Section        5  main.o(.data)
    key_up                                   0x20000004   Data           1  main.o(.data)
    .data                                    0x20000008   Section       20  system_stm32f4xx.o(.data)
    .data                                    0x2000001c   Section       16  stm32f4xx_rcc.o(.data)
    APBAHBPrescTable                         0x2000001c   Data          16  stm32f4xx_rcc.o(.data)
    .data                                    0x2000002c   Section        4  delay.o(.data)
    fac_us                                   0x2000002c   Data           1  delay.o(.data)
    fac_ms                                   0x2000002e   Data           2  delay.o(.data)
    .data                                    0x20000030   Section        6  usart.o(.data)
    .data                                    0x20000036   Section       34  sensor_driver.o(.data)
    ucRxCnt                                  0x20000056   Data           1  sensor_driver.o(.data)
    ucRxCnt1                                 0x20000057   Data           1  sensor_driver.o(.data)
    .data                                    0x20000058   Section       30  motor_driver.o(.data)
    .data                                    0x20000078   Section        8  pid_control.o(.data)
    .data                                    0x20000080   Section        2  my_usart.o(.data)
    .data                                    0x20000082   Section        4  robot_action.o(.data)
    .data                                    0x20000086   Section       36  motor_ps2.o(.data)
    .data                                    0x200000ac   Section        4  mvars.o(.data)
    .data                                    0x200000b0   Section        4  mvars.o(.data)
    .bss                                     0x200000b4   Section       32  main.o(.bss)
    .bss                                     0x200000d4   Section      200  usart.o(.bss)
    .bss                                     0x2000019c   Section      500  sensor_driver.o(.bss)
    ucRxBuffer                               0x2000019c   Data         250  sensor_driver.o(.bss)
    ucRxBuffer1                              0x20000296   Data         250  sensor_driver.o(.bss)
    .bss                                     0x20000390   Section       16  motor_driver.o(.bss)
    .bss                                     0x200003a0   Section      256  my_usart.o(.bss)
    .bss                                     0x200004a0   Section        9  motor_ps2.o(.bss)
    HEAP                                     0x200004b0   Section    32768  startup_stm32f40_41xxx.o(HEAP)
    STACK                                    0x200084b0   Section     1024  startup_stm32f40_41xxx.o(STACK)

    Global Symbols

    Symbol Name                              Value     Ov Type        Size  Object(Section)

    BuildAttributes$$THM_ISAv4$E$P$D$K$B$S$7EM$VFPi3$EXTD16$VFPS$VFMA$PE$A:L22UL41UL21$X:L11$S22US41US21$IEEE1$IW$USESV6$~STKCKD$USESV7$~SHL$OSPACE$ROPI$EBA8$MICROLIB$REQ8$PRES8$EABIv2 0x00000000   Number         0  anon$$obj.o ABSOLUTE
    __ARM_use_no_argv                        0x00000000   Number         0  main.o ABSOLUTE
    __use_no_errno                           0x00000000   Number         0  useno.o ABSOLUTE
    __use_no_exception_handling              0x00000000   Number         0  useno.o ABSOLUTE
    __use_no_fp                              0x00000000   Number         0  useno.o ABSOLUTE
    __use_no_heap                            0x00000000   Number         0  useno.o ABSOLUTE
    __use_no_heap_region                     0x00000000   Number         0  useno.o ABSOLUTE
    __use_no_semihosting                     0x00000000   Number         0  useno.o ABSOLUTE
    __use_no_semihosting_swi                 0x00000000   Number         0  useno.o ABSOLUTE
    __use_no_signal_handling                 0x00000000   Number         0  useno.o ABSOLUTE
    _printf_a                                0x00000000   Number         0  stubs.o ABSOLUTE
    _printf_c                                0x00000000   Number         0  stubs.o ABSOLUTE
    _printf_charcount                        0x00000000   Number         0  stubs.o ABSOLUTE
    _printf_d                                0x00000000   Number         0  stubs.o ABSOLUTE
    _printf_e                                0x00000000   Number         0  stubs.o ABSOLUTE
    _printf_f                                0x00000000   Number         0  stubs.o ABSOLUTE
    _printf_flags                            0x00000000   Number         0  stubs.o ABSOLUTE
    _printf_fp_dec                           0x00000000   Number         0  stubs.o ABSOLUTE
    _printf_fp_hex                           0x00000000   Number         0  stubs.o ABSOLUTE
    _printf_g                                0x00000000   Number         0  stubs.o ABSOLUTE
    _printf_i                                0x00000000   Number         0  stubs.o ABSOLUTE
    _printf_int_dec                          0x00000000   Number         0  stubs.o ABSOLUTE
    _printf_l                                0x00000000   Number         0  stubs.o ABSOLUTE
    _printf_lc                               0x00000000   Number         0  stubs.o ABSOLUTE
    _printf_ll                               0x00000000   Number         0  stubs.o ABSOLUTE
    _printf_lld                              0x00000000   Number         0  stubs.o ABSOLUTE
    _printf_lli                              0x00000000   Number         0  stubs.o ABSOLUTE
    _printf_llo                              0x00000000   Number         0  stubs.o ABSOLUTE
    _printf_llu                              0x00000000   Number         0  stubs.o ABSOLUTE
    _printf_llx                              0x00000000   Number         0  stubs.o ABSOLUTE
    _printf_longlong_dec                     0x00000000   Number         0  stubs.o ABSOLUTE
    _printf_longlong_hex                     0x00000000   Number         0  stubs.o ABSOLUTE
    _printf_longlong_oct                     0x00000000   Number         0  stubs.o ABSOLUTE
    _printf_ls                               0x00000000   Number         0  stubs.o ABSOLUTE
    _printf_mbtowc                           0x00000000   Number         0  stubs.o ABSOLUTE
    _printf_n                                0x00000000   Number         0  stubs.o ABSOLUTE
    _printf_o                                0x00000000   Number         0  stubs.o ABSOLUTE
    _printf_p                                0x00000000   Number         0  stubs.o ABSOLUTE
    _printf_percent                          0x00000000   Number         0  stubs.o ABSOLUTE
    _printf_pre_padding                      0x00000000   Number         0  stubs.o ABSOLUTE
    _printf_return_value                     0x00000000   Number         0  stubs.o ABSOLUTE
    _printf_s                                0x00000000   Number         0  stubs.o ABSOLUTE
    _printf_sizespec                         0x00000000   Number         0  stubs.o ABSOLUTE
    _printf_str                              0x00000000   Number         0  stubs.o ABSOLUTE
    _printf_truncate_signed                  0x00000000   Number         0  stubs.o ABSOLUTE
    _printf_truncate_unsigned                0x00000000   Number         0  stubs.o ABSOLUTE
    _printf_u                                0x00000000   Number         0  stubs.o ABSOLUTE
    _printf_wc                               0x00000000   Number         0  stubs.o ABSOLUTE
    _printf_wctomb                           0x00000000   Number         0  stubs.o ABSOLUTE
    _printf_widthprec                        0x00000000   Number         0  stubs.o ABSOLUTE
    _printf_x                                0x00000000   Number         0  stubs.o ABSOLUTE
    __cpp_initialize__aeabi_                  - Undefined Weak Reference
    __cxa_finalize                            - Undefined Weak Reference
    __decompress                              - Undefined Weak Reference
    _clock_init                               - Undefined Weak Reference
    _microlib_exit                            - Undefined Weak Reference
    __Vectors_Size                           0x00000188   Number         0  startup_stm32f40_41xxx.o ABSOLUTE
    __Vectors                                0x08000000   Data           4  startup_stm32f40_41xxx.o(RESET)
    __Vectors_End                            0x08000188   Data           0  startup_stm32f40_41xxx.o(RESET)
    __main                                   0x08000189   Thumb Code     0  entry.o(.ARM.Collect$$$$00000000)
    _main_stk                                0x08000189   Thumb Code     0  entry2.o(.ARM.Collect$$$$00000001)
    _main_scatterload                        0x0800018d   Thumb Code     0  entry5.o(.ARM.Collect$$$$00000004)
    __main_after_scatterload                 0x08000191   Thumb Code     0  entry5.o(.ARM.Collect$$$$00000004)
    _main_clock                              0x08000191   Thumb Code     0  entry7b.o(.ARM.Collect$$$$00000008)
    _main_cpp_init                           0x08000191   Thumb Code     0  entry8b.o(.ARM.Collect$$$$0000000A)
    _main_init                               0x08000191   Thumb Code     0  entry9a.o(.ARM.Collect$$$$0000000B)
    __rt_final_cpp                           0x08000199   Thumb Code     0  entry10a.o(.ARM.Collect$$$$0000000D)
    __rt_final_exit                          0x08000199   Thumb Code     0  entry11a.o(.ARM.Collect$$$$0000000F)
    send                                     0x0800019d   Thumb Code   236  main.o(.text)
    main                                     0x08000289   Thumb Code   478  main.o(.text)
    NMI_Handler                              0x080004a9   Thumb Code     2  stm32f4xx_it.o(.text)
    HardFault_Handler                        0x080004ab   Thumb Code     4  stm32f4xx_it.o(.text)
    MemManage_Handler                        0x080004af   Thumb Code     4  stm32f4xx_it.o(.text)
    BusFault_Handler                         0x080004b3   Thumb Code     4  stm32f4xx_it.o(.text)
    UsageFault_Handler                       0x080004b7   Thumb Code     4  stm32f4xx_it.o(.text)
    SVC_Handler                              0x080004bb   Thumb Code     2  stm32f4xx_it.o(.text)
    DebugMon_Handler                         0x080004bd   Thumb Code     2  stm32f4xx_it.o(.text)
    PendSV_Handler                           0x080004bf   Thumb Code     2  stm32f4xx_it.o(.text)
    SysTick_Handler                          0x080004c1   Thumb Code     2  stm32f4xx_it.o(.text)
    SystemInit                               0x080005a1   Thumb Code    88  system_stm32f4xx.o(.text)
    SystemCoreClockUpdate                    0x080005f9   Thumb Code   174  system_stm32f4xx.o(.text)
    Reset_Handler                            0x080006d5   Thumb Code     8  startup_stm32f40_41xxx.o(.text)
    ADC_IRQHandler                           0x080006ef   Thumb Code     0  startup_stm32f40_41xxx.o(.text)
    CAN1_RX1_IRQHandler                      0x080006ef   Thumb Code     0  startup_stm32f40_41xxx.o(.text)
    CAN1_SCE_IRQHandler                      0x080006ef   Thumb Code     0  startup_stm32f40_41xxx.o(.text)
    CAN2_RX0_IRQHandler                      0x080006ef   Thumb Code     0  startup_stm32f40_41xxx.o(.text)
    CAN2_RX1_IRQHandler                      0x080006ef   Thumb Code     0  startup_stm32f40_41xxx.o(.text)
    CAN2_SCE_IRQHandler                      0x080006ef   Thumb Code     0  startup_stm32f40_41xxx.o(.text)
    CAN2_TX_IRQHandler                       0x080006ef   Thumb Code     0  startup_stm32f40_41xxx.o(.text)
    CRYP_IRQHandler                          0x080006ef   Thumb Code     0  startup_stm32f40_41xxx.o(.text)
    DCMI_IRQHandler                          0x080006ef   Thumb Code     0  startup_stm32f40_41xxx.o(.text)
    DMA1_Stream0_IRQHandler                  0x080006ef   Thumb Code     0  startup_stm32f40_41xxx.o(.text)
    DMA1_Stream1_IRQHandler                  0x080006ef   Thumb Code     0  startup_stm32f40_41xxx.o(.text)
    DMA1_Stream2_IRQHandler                  0x080006ef   Thumb Code     0  startup_stm32f40_41xxx.o(.text)
    DMA1_Stream3_IRQHandler                  0x080006ef   Thumb Code     0  startup_stm32f40_41xxx.o(.text)
    DMA1_Stream4_IRQHandler                  0x080006ef   Thumb Code     0  startup_stm32f40_41xxx.o(.text)
    DMA1_Stream5_IRQHandler                  0x080006ef   Thumb Code     0  startup_stm32f40_41xxx.o(.text)
    DMA1_Stream6_IRQHandler                  0x080006ef   Thumb Code     0  startup_stm32f40_41xxx.o(.text)
    DMA1_Stream7_IRQHandler                  0x080006ef   Thumb Code     0  startup_stm32f40_41xxx.o(.text)
    DMA2_Stream0_IRQHandler                  0x080006ef   Thumb Code     0  startup_stm32f40_41xxx.o(.text)
    DMA2_Stream1_IRQHandler                  0x080006ef   Thumb Code     0  startup_stm32f40_41xxx.o(.text)
    DMA2_Stream2_IRQHandler                  0x080006ef   Thumb Code     0  startup_stm32f40_41xxx.o(.text)
    DMA2_Stream3_IRQHandler                  0x080006ef   Thumb Code     0  startup_stm32f40_41xxx.o(.text)
    DMA2_Stream4_IRQHandler                  0x080006ef   Thumb Code     0  startup_stm32f40_41xxx.o(.text)
    DMA2_Stream5_IRQHandler                  0x080006ef   Thumb Code     0  startup_stm32f40_41xxx.o(.text)
    DMA2_Stream6_IRQHandler                  0x080006ef   Thumb Code     0  startup_stm32f40_41xxx.o(.text)
    DMA2_Stream7_IRQHandler                  0x080006ef   Thumb Code     0  startup_stm32f40_41xxx.o(.text)
    ETH_IRQHandler                           0x080006ef   Thumb Code     0  startup_stm32f40_41xxx.o(.text)
    ETH_WKUP_IRQHandler                      0x080006ef   Thumb Code     0  startup_stm32f40_41xxx.o(.text)
    EXTI0_IRQHandler                         0x080006ef   Thumb Code     0  startup_stm32f40_41xxx.o(.text)
    EXTI15_10_IRQHandler                     0x080006ef   Thumb Code     0  startup_stm32f40_41xxx.o(.text)
    EXTI1_IRQHandler                         0x080006ef   Thumb Code     0  startup_stm32f40_41xxx.o(.text)
    EXTI2_IRQHandler                         0x080006ef   Thumb Code     0  startup_stm32f40_41xxx.o(.text)
    EXTI3_IRQHandler                         0x080006ef   Thumb Code     0  startup_stm32f40_41xxx.o(.text)
    EXTI4_IRQHandler                         0x080006ef   Thumb Code     0  startup_stm32f40_41xxx.o(.text)
    EXTI9_5_IRQHandler                       0x080006ef   Thumb Code     0  startup_stm32f40_41xxx.o(.text)
    FLASH_IRQHandler                         0x080006ef   Thumb Code     0  startup_stm32f40_41xxx.o(.text)
    FPU_IRQHandler                           0x080006ef   Thumb Code     0  startup_stm32f40_41xxx.o(.text)
    FSMC_IRQHandler                          0x080006ef   Thumb Code     0  startup_stm32f40_41xxx.o(.text)
    HASH_RNG_IRQHandler                      0x080006ef   Thumb Code     0  startup_stm32f40_41xxx.o(.text)
    I2C1_ER_IRQHandler                       0x080006ef   Thumb Code     0  startup_stm32f40_41xxx.o(.text)
    I2C1_EV_IRQHandler                       0x080006ef   Thumb Code     0  startup_stm32f40_41xxx.o(.text)
    I2C2_ER_IRQHandler                       0x080006ef   Thumb Code     0  startup_stm32f40_41xxx.o(.text)
    I2C2_EV_IRQHandler                       0x080006ef   Thumb Code     0  startup_stm32f40_41xxx.o(.text)
    I2C3_ER_IRQHandler                       0x080006ef   Thumb Code     0  startup_stm32f40_41xxx.o(.text)
    I2C3_EV_IRQHandler                       0x080006ef   Thumb Code     0  startup_stm32f40_41xxx.o(.text)
    OTG_FS_IRQHandler                        0x080006ef   Thumb Code     0  startup_stm32f40_41xxx.o(.text)
    OTG_FS_WKUP_IRQHandler                   0x080006ef   Thumb Code     0  startup_stm32f40_41xxx.o(.text)
    OTG_HS_EP1_IN_IRQHandler                 0x080006ef   Thumb Code     0  startup_stm32f40_41xxx.o(.text)
    OTG_HS_EP1_OUT_IRQHandler                0x080006ef   Thumb Code     0  startup_stm32f40_41xxx.o(.text)
    OTG_HS_IRQHandler                        0x080006ef   Thumb Code     0  startup_stm32f40_41xxx.o(.text)
    OTG_HS_WKUP_IRQHandler                   0x080006ef   Thumb Code     0  startup_stm32f40_41xxx.o(.text)
    PVD_IRQHandler                           0x080006ef   Thumb Code     0  startup_stm32f40_41xxx.o(.text)
    RCC_IRQHandler                           0x080006ef   Thumb Code     0  startup_stm32f40_41xxx.o(.text)
    RTC_Alarm_IRQHandler                     0x080006ef   Thumb Code     0  startup_stm32f40_41xxx.o(.text)
    RTC_WKUP_IRQHandler                      0x080006ef   Thumb Code     0  startup_stm32f40_41xxx.o(.text)
    SDIO_IRQHandler                          0x080006ef   Thumb Code     0  startup_stm32f40_41xxx.o(.text)
    SPI1_IRQHandler                          0x080006ef   Thumb Code     0  startup_stm32f40_41xxx.o(.text)
    SPI2_IRQHandler                          0x080006ef   Thumb Code     0  startup_stm32f40_41xxx.o(.text)
    SPI3_IRQHandler                          0x080006ef   Thumb Code     0  startup_stm32f40_41xxx.o(.text)
    TAMP_STAMP_IRQHandler                    0x080006ef   Thumb Code     0  startup_stm32f40_41xxx.o(.text)
    TIM1_BRK_TIM9_IRQHandler                 0x080006ef   Thumb Code     0  startup_stm32f40_41xxx.o(.text)
    TIM1_CC_IRQHandler                       0x080006ef   Thumb Code     0  startup_stm32f40_41xxx.o(.text)
    TIM1_TRG_COM_TIM11_IRQHandler            0x080006ef   Thumb Code     0  startup_stm32f40_41xxx.o(.text)
    TIM1_UP_TIM10_IRQHandler                 0x080006ef   Thumb Code     0  startup_stm32f40_41xxx.o(.text)
    TIM4_IRQHandler                          0x080006ef   Thumb Code     0  startup_stm32f40_41xxx.o(.text)
    TIM5_IRQHandler                          0x080006ef   Thumb Code     0  startup_stm32f40_41xxx.o(.text)
    TIM6_DAC_IRQHandler                      0x080006ef   Thumb Code     0  startup_stm32f40_41xxx.o(.text)
    TIM7_IRQHandler                          0x080006ef   Thumb Code     0  startup_stm32f40_41xxx.o(.text)
    TIM8_BRK_TIM12_IRQHandler                0x080006ef   Thumb Code     0  startup_stm32f40_41xxx.o(.text)
    TIM8_CC_IRQHandler                       0x080006ef   Thumb Code     0  startup_stm32f40_41xxx.o(.text)
    TIM8_TRG_COM_TIM14_IRQHandler            0x080006ef   Thumb Code     0  startup_stm32f40_41xxx.o(.text)
    TIM8_UP_TIM13_IRQHandler                 0x080006ef   Thumb Code     0  startup_stm32f40_41xxx.o(.text)
    UART4_IRQHandler                         0x080006ef   Thumb Code     0  startup_stm32f40_41xxx.o(.text)
    UART5_IRQHandler                         0x080006ef   Thumb Code     0  startup_stm32f40_41xxx.o(.text)
    USART6_IRQHandler                        0x080006ef   Thumb Code     0  startup_stm32f40_41xxx.o(.text)
    WWDG_IRQHandler                          0x080006ef   Thumb Code     0  startup_stm32f40_41xxx.o(.text)
    NVIC_PriorityGroupConfig                 0x080006f9   Thumb Code    10  misc.o(.text)
    NVIC_Init                                0x08000703   Thumb Code   106  misc.o(.text)
    NVIC_SetVectorTable                      0x0800076d   Thumb Code    14  misc.o(.text)
    NVIC_SystemLPConfig                      0x0800077b   Thumb Code    34  misc.o(.text)
    SysTick_CLKSourceConfig                  0x0800079d   Thumb Code    40  misc.o(.text)
    CAN_DeInit                               0x080007d9   Thumb Code    50  stm32f4xx_can.o(.text)
    CAN_Init                                 0x0800080b   Thumb Code   276  stm32f4xx_can.o(.text)
    CAN_FilterInit                           0x0800091f   Thumb Code   258  stm32f4xx_can.o(.text)
    CAN_StructInit                           0x08000a21   Thumb Code    32  stm32f4xx_can.o(.text)
    CAN_SlaveStartBank                       0x08000a41   Thumb Code    48  stm32f4xx_can.o(.text)
    CAN_DBGFreeze                            0x08000a71   Thumb Code    22  stm32f4xx_can.o(.text)
    CAN_TTComModeCmd                         0x08000a87   Thumb Code   118  stm32f4xx_can.o(.text)
    CAN_Transmit                             0x08000afd   Thumb Code   304  stm32f4xx_can.o(.text)
    CAN_TransmitStatus                       0x08000c2d   Thumb Code   138  stm32f4xx_can.o(.text)
    CAN_CancelTransmit                       0x08000cb7   Thumb Code    48  stm32f4xx_can.o(.text)
    CAN_Receive                              0x08000ce7   Thumb Code   240  stm32f4xx_can.o(.text)
    CAN_FIFORelease                          0x08000dd7   Thumb Code    22  stm32f4xx_can.o(.text)
    CAN_MessagePending                       0x08000ded   Thumb Code    30  stm32f4xx_can.o(.text)
    CAN_OperatingModeRequest                 0x08000e0b   Thumb Code   162  stm32f4xx_can.o(.text)
    CAN_Sleep                                0x08000ead   Thumb Code    30  stm32f4xx_can.o(.text)
    CAN_WakeUp                               0x08000ecb   Thumb Code    48  stm32f4xx_can.o(.text)
    CAN_GetLastErrorCode                     0x08000efb   Thumb Code    12  stm32f4xx_can.o(.text)
    CAN_GetReceiveErrorCounter               0x08000f07   Thumb Code    10  stm32f4xx_can.o(.text)
    CAN_GetLSBTransmitErrorCounter           0x08000f11   Thumb Code    12  stm32f4xx_can.o(.text)
    CAN_ITConfig                             0x08000f1d   Thumb Code    18  stm32f4xx_can.o(.text)
    CAN_GetFlagStatus                        0x08000f2f   Thumb Code   120  stm32f4xx_can.o(.text)
    CAN_ClearFlag                            0x08000fa7   Thumb Code    52  stm32f4xx_can.o(.text)
    CAN_GetITStatus                          0x08000fed   Thumb Code   310  stm32f4xx_can.o(.text)
    CAN_ClearITPendingBit                    0x08001123   Thumb Code   162  stm32f4xx_can.o(.text)
    GPIO_DeInit                              0x080011c9   Thumb Code   268  stm32f4xx_gpio.o(.text)
    GPIO_Init                                0x080012d5   Thumb Code   144  stm32f4xx_gpio.o(.text)
    GPIO_StructInit                          0x08001365   Thumb Code    18  stm32f4xx_gpio.o(.text)
    GPIO_PinLockConfig                       0x08001377   Thumb Code    34  stm32f4xx_gpio.o(.text)
    GPIO_ReadInputDataBit                    0x08001399   Thumb Code    18  stm32f4xx_gpio.o(.text)
    GPIO_ReadInputData                       0x080013ab   Thumb Code     8  stm32f4xx_gpio.o(.text)
    GPIO_ReadOutputDataBit                   0x080013b3   Thumb Code    18  stm32f4xx_gpio.o(.text)
    GPIO_ReadOutputData                      0x080013c5   Thumb Code     8  stm32f4xx_gpio.o(.text)
    GPIO_SetBits                             0x080013cd   Thumb Code     4  stm32f4xx_gpio.o(.text)
    GPIO_ResetBits                           0x080013d1   Thumb Code     4  stm32f4xx_gpio.o(.text)
    GPIO_WriteBit                            0x080013d5   Thumb Code    10  stm32f4xx_gpio.o(.text)
    GPIO_Write                               0x080013df   Thumb Code     4  stm32f4xx_gpio.o(.text)
    GPIO_ToggleBits                          0x080013e3   Thumb Code     8  stm32f4xx_gpio.o(.text)
    GPIO_PinAFConfig                         0x080013eb   Thumb Code    70  stm32f4xx_gpio.o(.text)
    RCC_DeInit                               0x0800145d   Thumb Code    82  stm32f4xx_rcc.o(.text)
    RCC_HSEConfig                            0x080014af   Thumb Code    14  stm32f4xx_rcc.o(.text)
    RCC_GetFlagStatus                        0x080014bd   Thumb Code    60  stm32f4xx_rcc.o(.text)
    RCC_WaitForHSEStartUp                    0x080014f9   Thumb Code    56  stm32f4xx_rcc.o(.text)
    RCC_AdjustHSICalibrationValue            0x08001531   Thumb Code    20  stm32f4xx_rcc.o(.text)
    RCC_HSICmd                               0x08001545   Thumb Code     6  stm32f4xx_rcc.o(.text)
    RCC_LSEConfig                            0x0800154b   Thumb Code    46  stm32f4xx_rcc.o(.text)
    RCC_LSICmd                               0x08001579   Thumb Code     6  stm32f4xx_rcc.o(.text)
    RCC_PLLConfig                            0x0800157f   Thumb Code    32  stm32f4xx_rcc.o(.text)
    RCC_PLLCmd                               0x0800159f   Thumb Code     6  stm32f4xx_rcc.o(.text)
    RCC_PLLI2SConfig                         0x080015a5   Thumb Code    14  stm32f4xx_rcc.o(.text)
    RCC_PLLI2SCmd                            0x080015b3   Thumb Code     6  stm32f4xx_rcc.o(.text)
    RCC_PLLSAIConfig                         0x080015b9   Thumb Code    20  stm32f4xx_rcc.o(.text)
    RCC_PLLSAICmd                            0x080015cd   Thumb Code     6  stm32f4xx_rcc.o(.text)
    RCC_ClockSecuritySystemCmd               0x080015d3   Thumb Code     6  stm32f4xx_rcc.o(.text)
    RCC_MCO1Config                           0x080015d9   Thumb Code    28  stm32f4xx_rcc.o(.text)
    RCC_MCO2Config                           0x080015f5   Thumb Code    28  stm32f4xx_rcc.o(.text)
    RCC_SYSCLKConfig                         0x08001611   Thumb Code    20  stm32f4xx_rcc.o(.text)
    RCC_GetSYSCLKSource                      0x08001625   Thumb Code    12  stm32f4xx_rcc.o(.text)
    RCC_HCLKConfig                           0x08001631   Thumb Code    20  stm32f4xx_rcc.o(.text)
    RCC_PCLK1Config                          0x08001645   Thumb Code    20  stm32f4xx_rcc.o(.text)
    RCC_PCLK2Config                          0x08001659   Thumb Code    22  stm32f4xx_rcc.o(.text)
    RCC_GetClocksFreq                        0x0800166f   Thumb Code   222  stm32f4xx_rcc.o(.text)
    RCC_RTCCLKConfig                         0x0800174d   Thumb Code    54  stm32f4xx_rcc.o(.text)
    RCC_RTCCLKCmd                            0x08001783   Thumb Code     8  stm32f4xx_rcc.o(.text)
    RCC_BackupResetCmd                       0x0800178b   Thumb Code     8  stm32f4xx_rcc.o(.text)
    RCC_I2SCLKConfig                         0x08001793   Thumb Code     6  stm32f4xx_rcc.o(.text)
    RCC_SAIPLLI2SClkDivConfig                0x08001799   Thumb Code    26  stm32f4xx_rcc.o(.text)
    RCC_SAIPLLSAIClkDivConfig                0x080017b3   Thumb Code    28  stm32f4xx_rcc.o(.text)
    RCC_SAIBlockACLKConfig                   0x080017cf   Thumb Code    20  stm32f4xx_rcc.o(.text)
    RCC_SAIBlockBCLKConfig                   0x080017e3   Thumb Code    20  stm32f4xx_rcc.o(.text)
    RCC_LTDCCLKDivConfig                     0x080017f7   Thumb Code    20  stm32f4xx_rcc.o(.text)
    RCC_TIMCLKPresConfig                     0x0800180b   Thumb Code     6  stm32f4xx_rcc.o(.text)
    RCC_AHB1PeriphClockCmd                   0x08001811   Thumb Code    34  stm32f4xx_rcc.o(.text)
    RCC_AHB2PeriphClockCmd                   0x08001833   Thumb Code    78  stm32f4xx_rcc.o(.text)
    RCC_AHB3PeriphClockCmd                   0x08001881   Thumb Code    34  stm32f4xx_rcc.o(.text)
    RCC_APB1PeriphClockCmd                   0x080018a3   Thumb Code    34  stm32f4xx_rcc.o(.text)
    RCC_APB2PeriphClockCmd                   0x080018c5   Thumb Code    34  stm32f4xx_rcc.o(.text)
    RCC_AHB1PeriphResetCmd                   0x080018e7   Thumb Code    34  stm32f4xx_rcc.o(.text)
    RCC_AHB2PeriphResetCmd                   0x08001909   Thumb Code    34  stm32f4xx_rcc.o(.text)
    RCC_AHB3PeriphResetCmd                   0x0800192b   Thumb Code    34  stm32f4xx_rcc.o(.text)
    RCC_APB1PeriphResetCmd                   0x0800194d   Thumb Code    34  stm32f4xx_rcc.o(.text)
    RCC_APB2PeriphResetCmd                   0x0800196f   Thumb Code    34  stm32f4xx_rcc.o(.text)
    RCC_AHB1PeriphClockLPModeCmd             0x08001991   Thumb Code    34  stm32f4xx_rcc.o(.text)
    RCC_AHB2PeriphClockLPModeCmd             0x080019b3   Thumb Code    34  stm32f4xx_rcc.o(.text)
    RCC_AHB3PeriphClockLPModeCmd             0x080019d5   Thumb Code    34  stm32f4xx_rcc.o(.text)
    RCC_APB1PeriphClockLPModeCmd             0x080019f7   Thumb Code    34  stm32f4xx_rcc.o(.text)
    RCC_APB2PeriphClockLPModeCmd             0x08001a19   Thumb Code    34  stm32f4xx_rcc.o(.text)
    RCC_LSEModeConfig                        0x08001a3b   Thumb Code    40  stm32f4xx_rcc.o(.text)
    RCC_ITConfig                             0x08001a63   Thumb Code    34  stm32f4xx_rcc.o(.text)
    RCC_ClearFlag                            0x08001a85   Thumb Code    18  stm32f4xx_rcc.o(.text)
    RCC_GetITStatus                          0x08001a97   Thumb Code    22  stm32f4xx_rcc.o(.text)
    RCC_ClearITPendingBit                    0x08001aad   Thumb Code     8  stm32f4xx_rcc.o(.text)
    SPI_I2S_DeInit                           0x08001ab9   Thumb Code   152  stm32f4xx_spi.o(.text)
    SPI_Init                                 0x08001b51   Thumb Code    60  stm32f4xx_spi.o(.text)
    I2S_Init                                 0x08001b8d   Thumb Code   396  stm32f4xx_spi.o(.text)
    SPI_StructInit                           0x08001d19   Thumb Code    24  stm32f4xx_spi.o(.text)
    I2S_StructInit                           0x08001d31   Thumb Code    20  stm32f4xx_spi.o(.text)
    SPI_Cmd                                  0x08001d45   Thumb Code    24  stm32f4xx_spi.o(.text)
    I2S_Cmd                                  0x08001d5d   Thumb Code    24  stm32f4xx_spi.o(.text)
    SPI_DataSizeConfig                       0x08001d75   Thumb Code    18  stm32f4xx_spi.o(.text)
    SPI_BiDirectionalLineConfig              0x08001d87   Thumb Code    28  stm32f4xx_spi.o(.text)
    SPI_NSSInternalSoftwareConfig            0x08001da3   Thumb Code    30  stm32f4xx_spi.o(.text)
    SPI_SSOutputCmd                          0x08001dc1   Thumb Code    24  stm32f4xx_spi.o(.text)
    SPI_TIModeCmd                            0x08001dd9   Thumb Code    24  stm32f4xx_spi.o(.text)
    I2S_FullDuplexConfig                     0x08001df1   Thumb Code    80  stm32f4xx_spi.o(.text)
    SPI_I2S_ReceiveData                      0x08001e41   Thumb Code     6  stm32f4xx_spi.o(.text)
    SPI_I2S_SendData                         0x08001e47   Thumb Code     4  stm32f4xx_spi.o(.text)
    SPI_CalculateCRC                         0x08001e4b   Thumb Code    24  stm32f4xx_spi.o(.text)
    SPI_TransmitCRC                          0x08001e63   Thumb Code    10  stm32f4xx_spi.o(.text)
    SPI_GetCRC                               0x08001e6d   Thumb Code    16  stm32f4xx_spi.o(.text)
    SPI_GetCRCPolynomial                     0x08001e7d   Thumb Code     6  stm32f4xx_spi.o(.text)
    SPI_I2S_DMACmd                           0x08001e83   Thumb Code    18  stm32f4xx_spi.o(.text)
    SPI_I2S_ITConfig                         0x08001e95   Thumb Code    68  stm32f4xx_spi.o(.text)
    SPI_I2S_GetFlagStatus                    0x08001ed9   Thumb Code    18  stm32f4xx_spi.o(.text)
    SPI_I2S_ClearFlag                        0x08001eeb   Thumb Code     6  stm32f4xx_spi.o(.text)
    SPI_I2S_GetITStatus                      0x08001ef1   Thumb Code    52  stm32f4xx_spi.o(.text)
    SPI_I2S_ClearITPendingBit                0x08001f25   Thumb Code    20  stm32f4xx_spi.o(.text)
    TIM_DeInit                               0x08001f39   Thumb Code   346  stm32f4xx_tim.o(.text)
    TIM_TimeBaseInit                         0x08002093   Thumb Code   104  stm32f4xx_tim.o(.text)
    TIM_TimeBaseStructInit                   0x080020fb   Thumb Code    18  stm32f4xx_tim.o(.text)
    TIM_PrescalerConfig                      0x0800210d   Thumb Code     6  stm32f4xx_tim.o(.text)
    TIM_CounterModeConfig                    0x08002113   Thumb Code    18  stm32f4xx_tim.o(.text)
    TIM_SetCounter                           0x08002125   Thumb Code     4  stm32f4xx_tim.o(.text)
    TIM_SetAutoreload                        0x08002129   Thumb Code     4  stm32f4xx_tim.o(.text)
    TIM_GetCounter                           0x0800212d   Thumb Code     6  stm32f4xx_tim.o(.text)
    TIM_GetPrescaler                         0x08002133   Thumb Code     6  stm32f4xx_tim.o(.text)
    TIM_UpdateDisableConfig                  0x08002139   Thumb Code    24  stm32f4xx_tim.o(.text)
    TIM_UpdateRequestConfig                  0x08002151   Thumb Code    24  stm32f4xx_tim.o(.text)
    TIM_ARRPreloadConfig                     0x08002169   Thumb Code    24  stm32f4xx_tim.o(.text)
    TIM_SelectOnePulseMode                   0x08002181   Thumb Code    18  stm32f4xx_tim.o(.text)
    TIM_SetClockDivision                     0x08002193   Thumb Code    18  stm32f4xx_tim.o(.text)
    TIM_Cmd                                  0x080021a5   Thumb Code    24  stm32f4xx_tim.o(.text)
    TIM_OC1Init                              0x080021bd   Thumb Code   114  stm32f4xx_tim.o(.text)
    TIM_OC2Init                              0x0800222f   Thumb Code   154  stm32f4xx_tim.o(.text)
    TIM_OC3Init                              0x080022c9   Thumb Code   204  stm32f4xx_tim.o(.text)
    TIM_OC4Init                              0x08002395   Thumb Code   112  stm32f4xx_tim.o(.text)
    TIM_OCStructInit                         0x08002405   Thumb Code    20  stm32f4xx_tim.o(.text)
    TIM_SelectOCxM                           0x08002419   Thumb Code    86  stm32f4xx_tim.o(.text)
    TIM_SetCompare1                          0x0800246f   Thumb Code     4  stm32f4xx_tim.o(.text)
    TIM_SetCompare2                          0x08002473   Thumb Code     4  stm32f4xx_tim.o(.text)
    TIM_SetCompare3                          0x08002477   Thumb Code     4  stm32f4xx_tim.o(.text)
    TIM_SetCompare4                          0x0800247b   Thumb Code     4  stm32f4xx_tim.o(.text)
    TIM_ForcedOC1Config                      0x0800247f   Thumb Code    18  stm32f4xx_tim.o(.text)
    TIM_ForcedOC2Config                      0x08002491   Thumb Code    26  stm32f4xx_tim.o(.text)
    TIM_ForcedOC3Config                      0x080024ab   Thumb Code    18  stm32f4xx_tim.o(.text)
    TIM_ForcedOC4Config                      0x080024bd   Thumb Code    26  stm32f4xx_tim.o(.text)
    TIM_OC1PreloadConfig                     0x080024d7   Thumb Code    18  stm32f4xx_tim.o(.text)
    TIM_OC2PreloadConfig                     0x080024e9   Thumb Code    26  stm32f4xx_tim.o(.text)
    TIM_OC3PreloadConfig                     0x08002503   Thumb Code    18  stm32f4xx_tim.o(.text)
    TIM_OC4PreloadConfig                     0x08002515   Thumb Code    26  stm32f4xx_tim.o(.text)
    TIM_OC1FastConfig                        0x0800252f   Thumb Code    18  stm32f4xx_tim.o(.text)
    TIM_OC2FastConfig                        0x08002541   Thumb Code    26  stm32f4xx_tim.o(.text)
    TIM_OC3FastConfig                        0x0800255b   Thumb Code    18  stm32f4xx_tim.o(.text)
    TIM_OC4FastConfig                        0x0800256d   Thumb Code    26  stm32f4xx_tim.o(.text)
    TIM_ClearOC1Ref                          0x08002587   Thumb Code    18  stm32f4xx_tim.o(.text)
    TIM_ClearOC2Ref                          0x08002599   Thumb Code    24  stm32f4xx_tim.o(.text)
    TIM_ClearOC3Ref                          0x080025b1   Thumb Code    18  stm32f4xx_tim.o(.text)
    TIM_ClearOC4Ref                          0x080025c3   Thumb Code    24  stm32f4xx_tim.o(.text)
    TIM_OC1PolarityConfig                    0x080025db   Thumb Code    18  stm32f4xx_tim.o(.text)
    TIM_OC1NPolarityConfig                   0x080025ed   Thumb Code    18  stm32f4xx_tim.o(.text)
    TIM_OC2PolarityConfig                    0x080025ff   Thumb Code    26  stm32f4xx_tim.o(.text)
    TIM_OC2NPolarityConfig                   0x08002619   Thumb Code    26  stm32f4xx_tim.o(.text)
    TIM_OC3PolarityConfig                    0x08002633   Thumb Code    26  stm32f4xx_tim.o(.text)
    TIM_OC3NPolarityConfig                   0x0800264d   Thumb Code    26  stm32f4xx_tim.o(.text)
    TIM_OC4PolarityConfig                    0x08002667   Thumb Code    26  stm32f4xx_tim.o(.text)
    TIM_CCxCmd                               0x08002681   Thumb Code    30  stm32f4xx_tim.o(.text)
    TIM_CCxNCmd                              0x0800269f   Thumb Code    30  stm32f4xx_tim.o(.text)
    TIM_SetIC4Prescaler                      0x080026bd   Thumb Code    26  stm32f4xx_tim.o(.text)
    TIM_SetIC3Prescaler                      0x08002727   Thumb Code    18  stm32f4xx_tim.o(.text)
    TIM_SetIC2Prescaler                      0x08002781   Thumb Code    26  stm32f4xx_tim.o(.text)
    TIM_SetIC1Prescaler                      0x080027f5   Thumb Code    18  stm32f4xx_tim.o(.text)
    TIM_ICInit                               0x08002841   Thumb Code   110  stm32f4xx_tim.o(.text)
    TIM_ICStructInit                         0x080028af   Thumb Code    18  stm32f4xx_tim.o(.text)
    TIM_PWMIConfig                           0x080028c1   Thumb Code   124  stm32f4xx_tim.o(.text)
    TIM_GetCapture1                          0x0800293d   Thumb Code     6  stm32f4xx_tim.o(.text)
    TIM_GetCapture2                          0x08002943   Thumb Code     6  stm32f4xx_tim.o(.text)
    TIM_GetCapture3                          0x08002949   Thumb Code     6  stm32f4xx_tim.o(.text)
    TIM_GetCapture4                          0x0800294f   Thumb Code     6  stm32f4xx_tim.o(.text)
    TIM_BDTRConfig                           0x08002955   Thumb Code    32  stm32f4xx_tim.o(.text)
    TIM_BDTRStructInit                       0x08002975   Thumb Code    18  stm32f4xx_tim.o(.text)
    TIM_CtrlPWMOutputs                       0x08002987   Thumb Code    30  stm32f4xx_tim.o(.text)
    TIM_SelectCOM                            0x080029a5   Thumb Code    24  stm32f4xx_tim.o(.text)
    TIM_CCPreloadControl                     0x080029bd   Thumb Code    24  stm32f4xx_tim.o(.text)
    TIM_ITConfig                             0x080029d5   Thumb Code    18  stm32f4xx_tim.o(.text)
    TIM_GenerateEvent                        0x080029e7   Thumb Code     4  stm32f4xx_tim.o(.text)
    TIM_GetFlagStatus                        0x080029eb   Thumb Code    18  stm32f4xx_tim.o(.text)
    TIM_ClearFlag                            0x080029fd   Thumb Code     6  stm32f4xx_tim.o(.text)
    TIM_GetITStatus                          0x08002a03   Thumb Code    34  stm32f4xx_tim.o(.text)
    TIM_ClearITPendingBit                    0x08002a25   Thumb Code     6  stm32f4xx_tim.o(.text)
    TIM_DMAConfig                            0x08002a2b   Thumb Code    10  stm32f4xx_tim.o(.text)
    TIM_DMACmd                               0x08002a35   Thumb Code    18  stm32f4xx_tim.o(.text)
    TIM_SelectCCDMA                          0x08002a47   Thumb Code    24  stm32f4xx_tim.o(.text)
    TIM_InternalClockConfig                  0x08002a5f   Thumb Code    12  stm32f4xx_tim.o(.text)
    TIM_SelectInputTrigger                   0x08002a6b   Thumb Code    18  stm32f4xx_tim.o(.text)
    TIM_ITRxExternalClockConfig              0x08002a7d   Thumb Code    24  stm32f4xx_tim.o(.text)
    TIM_TIxExternalClockConfig               0x08002a95   Thumb Code    62  stm32f4xx_tim.o(.text)
    TIM_ETRConfig                            0x08002ad3   Thumb Code    28  stm32f4xx_tim.o(.text)
    TIM_ETRClockMode1Config                  0x08002aef   Thumb Code    54  stm32f4xx_tim.o(.text)
    TIM_ETRClockMode2Config                  0x08002b25   Thumb Code    32  stm32f4xx_tim.o(.text)
    TIM_SelectOutputTrigger                  0x08002b45   Thumb Code    18  stm32f4xx_tim.o(.text)
    TIM_SelectSlaveMode                      0x08002b57   Thumb Code    18  stm32f4xx_tim.o(.text)
    TIM_SelectMasterSlaveMode                0x08002b69   Thumb Code    18  stm32f4xx_tim.o(.text)
    TIM_EncoderInterfaceConfig               0x08002b7b   Thumb Code    66  stm32f4xx_tim.o(.text)
    TIM_SelectHallSensor                     0x08002bbd   Thumb Code    24  stm32f4xx_tim.o(.text)
    TIM_RemapConfig                          0x08002bd5   Thumb Code     6  stm32f4xx_tim.o(.text)
    USART_DeInit                             0x08002bdd   Thumb Code   206  stm32f4xx_usart.o(.text)
    USART_Init                               0x08002cab   Thumb Code   204  stm32f4xx_usart.o(.text)
    USART_StructInit                         0x08002d77   Thumb Code    24  stm32f4xx_usart.o(.text)
    USART_ClockInit                          0x08002d8f   Thumb Code    32  stm32f4xx_usart.o(.text)
    USART_ClockStructInit                    0x08002daf   Thumb Code    12  stm32f4xx_usart.o(.text)
    USART_Cmd                                0x08002dbb   Thumb Code    24  stm32f4xx_usart.o(.text)
    USART_SetPrescaler                       0x08002dd3   Thumb Code    16  stm32f4xx_usart.o(.text)
    USART_OverSampling8Cmd                   0x08002de3   Thumb Code    22  stm32f4xx_usart.o(.text)
    USART_OneBitMethodCmd                    0x08002df9   Thumb Code    24  stm32f4xx_usart.o(.text)
    USART_SendData                           0x08002e11   Thumb Code     8  stm32f4xx_usart.o(.text)
    USART_ReceiveData                        0x08002e19   Thumb Code    10  stm32f4xx_usart.o(.text)
    USART_SetAddress                         0x08002e23   Thumb Code    18  stm32f4xx_usart.o(.text)
    USART_ReceiverWakeUpCmd                  0x08002e35   Thumb Code    24  stm32f4xx_usart.o(.text)
    USART_WakeUpConfig                       0x08002e4d   Thumb Code    18  stm32f4xx_usart.o(.text)
    USART_LINBreakDetectLengthConfig         0x08002e5f   Thumb Code    18  stm32f4xx_usart.o(.text)
    USART_LINCmd                             0x08002e71   Thumb Code    24  stm32f4xx_usart.o(.text)
    USART_SendBreak                          0x08002e89   Thumb Code    10  stm32f4xx_usart.o(.text)
    USART_HalfDuplexCmd                      0x08002e93   Thumb Code    24  stm32f4xx_usart.o(.text)
    USART_SetGuardTime                       0x08002eab   Thumb Code    16  stm32f4xx_usart.o(.text)
    USART_SmartCardCmd                       0x08002ebb   Thumb Code    24  stm32f4xx_usart.o(.text)
    USART_SmartCardNACKCmd                   0x08002ed3   Thumb Code    24  stm32f4xx_usart.o(.text)
    USART_IrDAConfig                         0x08002eeb   Thumb Code    18  stm32f4xx_usart.o(.text)
    USART_IrDACmd                            0x08002efd   Thumb Code    24  stm32f4xx_usart.o(.text)
    USART_DMACmd                             0x08002f15   Thumb Code    18  stm32f4xx_usart.o(.text)
    USART_ITConfig                           0x08002f27   Thumb Code    74  stm32f4xx_usart.o(.text)
    USART_GetFlagStatus                      0x08002f71   Thumb Code    26  stm32f4xx_usart.o(.text)
    USART_ClearFlag                          0x08002f8b   Thumb Code    18  stm32f4xx_usart.o(.text)
    USART_GetITStatus                        0x08002f9d   Thumb Code   118  stm32f4xx_usart.o(.text)
    USART_ClearITPendingBit                  0x08003013   Thumb Code    30  stm32f4xx_usart.o(.text)
    delay_init                               0x08003031   Thumb Code    52  delay.o(.text)
    delay_us                                 0x08003065   Thumb Code    72  delay.o(.text)
    delay_xms                                0x080030ad   Thumb Code    72  delay.o(.text)
    delay_ms                                 0x080030f5   Thumb Code    56  delay.o(.text)
    _sys_exit                                0x08003135   Thumb Code     4  usart.o(.text)
    fputc                                    0x08003139   Thumb Code    22  usart.o(.text)
    uart_init                                0x0800314f   Thumb Code   164  usart.o(.text)
    USART1_IRQHandler                        0x080031f3   Thumb Code   122  usart.o(.text)
    CopeSerialData                           0x0800327d   Thumb Code   118  sensor_driver.o(.text)
    CopeSerialData1                          0x080032f3   Thumb Code    76  sensor_driver.o(.text)
    CAN1_Configuration                       0x08003361   Thumb Code   262  motor_driver.o(.text)
    CAN1_TX_IRQHandler                       0x08003467   Thumb Code    28  motor_driver.o(.text)
    CAN_RoboModule_DRV_Reset                 0x08003483   Thumb Code   110  motor_driver.o(.text)
    CAN_RoboModule_DRV_Mode_Choice           0x080034f1   Thumb Code   110  motor_driver.o(.text)
    CAN_RoboModule_DRV_OpenLoop_Mode         0x0800355f   Thumb Code   134  motor_driver.o(.text)
    CAN_RoboModule_DRV_Current_Mode          0x080035e5   Thumb Code   158  motor_driver.o(.text)
    CAN_RoboModule_DRV_Velocity_Mode         0x08003683   Thumb Code   158  motor_driver.o(.text)
    CAN_RoboModule_DRV_Position_Mode         0x08003721   Thumb Code   180  motor_driver.o(.text)
    CAN_RoboModule_DRV_Velocity_Position_Mode 0x080037d5   Thumb Code   186  motor_driver.o(.text)
    CAN_RoboModule_DRV_Current_Velocity_Mode 0x0800388f   Thumb Code   138  motor_driver.o(.text)
    CAN_RoboModule_DRV_Current_Position_Mode 0x08003919   Thumb Code   142  motor_driver.o(.text)
    CAN_RoboModule_DRV_Current_Velocity_Position_Mode 0x080039a7   Thumb Code   166  motor_driver.o(.text)
    CAN_RoboModule_DRV_Config                0x08003a4d   Thumb Code   124  motor_driver.o(.text)
    CAN_RoboModule_DRV_Online_Check          0x08003ac9   Thumb Code   110  motor_driver.o(.text)
    CAN1_RX0_IRQHandler                      0x08003b37   Thumb Code   530  motor_driver.o(.text)
    pid_control_init                         0x08003d61   Thumb Code   136  pid_control.o(.text)
    pid_control_start                        0x08003de9   Thumb Code     8  pid_control.o(.text)
    pid_control_suspend                      0x08003df1   Thumb Code     8  pid_control.o(.text)
    pid_control_setvalue                     0x08003df9   Thumb Code    74  pid_control.o(.text)
    pid_control_refresh                      0x08003e43   Thumb Code   450  pid_control.o(.text)
    usart2_init                              0x08004059   Thumb Code   184  my_usart.o(.text)
    usart3_init                              0x08004111   Thumb Code   184  my_usart.o(.text)
    USART2_IRQHandler                        0x080041c9   Thumb Code   118  my_usart.o(.text)
    USART3_IRQHandler                        0x0800423f   Thumb Code   118  my_usart.o(.text)
    timer2_init                              0x080042d1   Thumb Code    90  timer.o(.text)
    timer3_init                              0x0800432b   Thumb Code    88  timer.o(.text)
    TIM2_IRQHandler                          0x08004383   Thumb Code    34  timer.o(.text)
    TIM3_IRQHandler                          0x080043a5   Thumb Code     2  timer.o(.text)
    stop_action                              0x080043b1   Thumb Code    44  robot_action.o(.text)
    stop_move                                0x080043dd   Thumb Code    44  robot_action.o(.text)
    motor_online_check                       0x08004409   Thumb Code    48  robot_action.o(.text)
    move_init                                0x08004439   Thumb Code   226  robot_action.o(.text)
    move_forward                             0x0800451b   Thumb Code    50  robot_action.o(.text)
    move_backword                            0x0800454d   Thumb Code    50  robot_action.o(.text)
    move_left_translation                    0x0800457f   Thumb Code    50  robot_action.o(.text)
    move_right_translation                   0x080045b1   Thumb Code    50  robot_action.o(.text)
    move_turn_place_pid                      0x080045e3   Thumb Code    46  robot_action.o(.text)
    move_turn_right_place                    0x08004611   Thumb Code    46  robot_action.o(.text)
    move_turn_left_place                     0x0800463f   Thumb Code    54  robot_action.o(.text)
    emission_quickly                         0x08004675   Thumb Code    18  robot_action.o(.text)
    emission_slow                            0x08004687   Thumb Code    18  robot_action.o(.text)
    robot_delay_ms                           0x080046a1   Thumb Code    28  robot_delay.o(.text)
    robot_delay_us                           0x080046bd   Thumb Code    26  robot_delay.o(.text)
    BEEP_Init                                0x080046d9   Thumb Code    60  beep.o(.text)
    PS2_Init                                 0x08004719   Thumb Code    82  motor_ps2.o(.text)
    PS2_Cmd                                  0x0800476b   Thumb Code   130  motor_ps2.o(.text)
    PS2_RedLight                             0x080047ed   Thumb Code    50  motor_ps2.o(.text)
    PS2_ReadData                             0x0800481f   Thumb Code   168  motor_ps2.o(.text)
    PS2_ClearData                            0x080048c7   Thumb Code    20  motor_ps2.o(.text)
    PS2_DataKey                              0x080048db   Thumb Code    70  motor_ps2.o(.text)
    PS2_AnologData                           0x08004921   Thumb Code     8  motor_ps2.o(.text)
    PS2_Vibration                            0x08004929   Thumb Code    90  motor_ps2.o(.text)
    PS2_ShortPoll                            0x08004983   Thumb Code    62  motor_ps2.o(.text)
    PS2_EnterConfing                         0x080049c1   Thumb Code    86  motor_ps2.o(.text)
    PS2_TurnOnAnalogMode                     0x08004a17   Thumb Code    80  motor_ps2.o(.text)
    PS2_VibrationMode                        0x08004a67   Thumb Code    62  motor_ps2.o(.text)
    PS2_ExitConfing                          0x08004aa5   Thumb Code    86  motor_ps2.o(.text)
    PS2_SetInit                              0x08004afb   Thumb Code    28  motor_ps2.o(.text)
    NRF24L01_SPI_Init                        0x08004b35   Thumb Code    86  24l01.o(.text)
    NRF24L01_Init                            0x08004b8b   Thumb Code   144  24l01.o(.text)
    NRF24L01_Read_Buf                        0x08004c1b   Thumb Code    60  24l01.o(.text)
    NRF24L01_Write_Buf                       0x08004c57   Thumb Code    60  24l01.o(.text)
    NRF24L01_Check                           0x08004c93   Thumb Code    72  24l01.o(.text)
    NRF24L01_Write_Reg                       0x08004cdb   Thumb Code    40  24l01.o(.text)
    NRF24L01_Read_Reg                        0x08004d03   Thumb Code    38  24l01.o(.text)
    NRF24L01_TxPacket                        0x08004d29   Thumb Code    94  24l01.o(.text)
    NRF24L01_RxPacket                        0x08004d87   Thumb Code    58  24l01.o(.text)
    NRF24L01_RX_Mode                         0x08004dc1   Thumb Code    76  24l01.o(.text)
    NRF24L01_TX_Mode                         0x08004e0d   Thumb Code    86  24l01.o(.text)
    SPI1_ReadWriteByte                       0x08004e89   Thumb Code    50  spi.o(.text)
    SPI1_Init                                0x08004ebb   Thumb Code   186  spi.o(.text)
    SPI1_SetSpeed                            0x08004f75   Thumb Code    36  spi.o(.text)
    __aeabi_memset                           0x08004fa1   Thumb Code    14  memseta.o(.text)
    __aeabi_memset4                          0x08004fa1   Thumb Code     0  memseta.o(.text)
    __aeabi_memset8                          0x08004fa1   Thumb Code     0  memseta.o(.text)
    __aeabi_memclr                           0x08004faf   Thumb Code     4  memseta.o(.text)
    __aeabi_memclr4                          0x08004faf   Thumb Code     0  memseta.o(.text)
    __aeabi_memclr8                          0x08004faf   Thumb Code     0  memseta.o(.text)
    _memset$wrapper                          0x08004fb3   Thumb Code    18  memseta.o(.text)
    __aeabi_f2d                              0x08004fc5   Thumb Code    38  f2d.o(.text)
    __aeabi_uidiv                            0x08004feb   Thumb Code     0  uidiv.o(.text)
    __aeabi_uidivmod                         0x08004feb   Thumb Code    44  uidiv.o(.text)
    __aeabi_uldivmod                         0x08005017   Thumb Code    98  uldiv.o(.text)
    __I$use$fp                               0x08005079   Thumb Code     0  iusefp.o(.text)
    __aeabi_dadd                             0x08005079   Thumb Code   322  dadd.o(.text)
    __aeabi_dsub                             0x080051bb   Thumb Code     6  dadd.o(.text)
    __aeabi_drsub                            0x080051c1   Thumb Code     6  dadd.o(.text)
    __aeabi_dmul                             0x080051c7   Thumb Code   228  dmul.o(.text)
    __aeabi_ddiv                             0x080052ab   Thumb Code   222  ddiv.o(.text)
    __aeabi_d2ulz                            0x08005389   Thumb Code    48  dfixul.o(.text)
    __aeabi_cdrcmple                         0x080053b9   Thumb Code    48  cdrcmple.o(.text)
    __scatterload                            0x080053e9   Thumb Code    28  init.o(.text)
    __scatterload_rt2                        0x080053e9   Thumb Code     0  init.o(.text)
    __aeabi_llsl                             0x0800540d   Thumb Code    30  llshl.o(.text)
    _ll_shift_l                              0x0800540d   Thumb Code     0  llshl.o(.text)
    __aeabi_llsr                             0x0800542b   Thumb Code    32  llushr.o(.text)
    _ll_ushift_r                             0x0800542b   Thumb Code     0  llushr.o(.text)
    __aeabi_lasr                             0x0800544b   Thumb Code    36  llsshr.o(.text)
    _ll_sshift_r                             0x0800544b   Thumb Code     0  llsshr.o(.text)
    _double_round                            0x0800546f   Thumb Code    30  depilogue.o(.text)
    _double_epilogue                         0x0800548d   Thumb Code   156  depilogue.o(.text)
    __0printf                                0x08005529   Thumb Code    22  printfa.o(i.__0printf)
    __1printf                                0x08005529   Thumb Code     0  printfa.o(i.__0printf)
    __2printf                                0x08005529   Thumb Code     0  printfa.o(i.__0printf)
    __c89printf                              0x08005529   Thumb Code     0  printfa.o(i.__0printf)
    printf                                   0x08005529   Thumb Code     0  printfa.o(i.__0printf)
    __0sprintf                               0x08005549   Thumb Code    34  printfa.o(i.__0sprintf)
    __1sprintf                               0x08005549   Thumb Code     0  printfa.o(i.__0sprintf)
    __2sprintf                               0x08005549   Thumb Code     0  printfa.o(i.__0sprintf)
    __c89sprintf                             0x08005549   Thumb Code     0  printfa.o(i.__0sprintf)
    sprintf                                  0x08005549   Thumb Code     0  printfa.o(i.__0sprintf)
    __scatterload_copy                       0x08005571   Thumb Code    14  handlers.o(i.__scatterload_copy)
    __scatterload_null                       0x0800557f   Thumb Code     2  handlers.o(i.__scatterload_null)
    __scatterload_zeroinit                   0x08005581   Thumb Code    14  handlers.o(i.__scatterload_zeroinit)
    malloc                                   0x08005e2d   Thumb Code    92  malloc.o(i.malloc)
    TX_ADDRESS                               0x08005e98   Data           5  24l01.o(.constdata)
    RX_ADDRESS                               0x08005e9d   Data           5  24l01.o(.constdata)
    Region$$Table$$Base                      0x08005ea4   Number         0  anon$$obj.o(Region$$Table)
    Region$$Table$$Limit                     0x08005ec4   Number         0  anon$$obj.o(Region$$Table)
    button1                                  0x20000000   Data           2  main.o(.data)
    button2                                  0x20000002   Data           2  main.o(.data)
    SystemCoreClock                          0x20000008   Data           4  system_stm32f4xx.o(.data)
    AHBPrescTable                            0x2000000c   Data          16  system_stm32f4xx.o(.data)
    __stdout                                 0x20000030   Data           4  usart.o(.data)
    USART_RX_STA                             0x20000034   Data           2  usart.o(.data)
    stcAcc                                   0x20000036   Data           8  sensor_driver.o(.data)
    stcGyro                                  0x2000003e   Data           8  sensor_driver.o(.data)
    stcAngle                                 0x20000046   Data           8  sensor_driver.o(.data)
    stcAngle1                                0x2000004e   Data           8  sensor_driver.o(.data)
    can_tx_success_flag                      0x20000058   Data           1  motor_driver.o(.data)
    Real_Current_Value                       0x2000005a   Data           8  motor_driver.o(.data)
    Real_Velocity_Value                      0x20000062   Data           8  motor_driver.o(.data)
    Real_Online                              0x2000006a   Data           4  motor_driver.o(.data)
    Real_Ctl1_Value                          0x2000006e   Data           4  motor_driver.o(.data)
    Real_Ctl2_Value                          0x20000072   Data           4  motor_driver.o(.data)
    pid_running                              0x20000078   Data           1  pid_control.o(.data)
    mypid_typedef                            0x2000007c   Data           4  pid_control.o(.data)
    TxCounter                                0x20000080   Data           1  my_usart.o(.data)
    count                                    0x20000081   Data           1  my_usart.o(.data)
    runtime_mode                             0x20000082   Data           1  robot_action.o(.data)
    robot_state                              0x20000083   Data           1  robot_action.o(.data)
    global_speed                             0x20000084   Data           2  robot_action.o(.data)
    Handkey                                  0x20000086   Data           2  motor_ps2.o(.data)
    Comd                                     0x20000088   Data           2  motor_ps2.o(.data)
    MASK                                     0x2000008a   Data          32  motor_ps2.o(.data)
    __microlib_freelist                      0x200000ac   Data           4  mvars.o(.data)
    __microlib_freelist_initialised          0x200000b0   Data           4  mvars.o(.data)
    rxbuff                                   0x200000b4   Data          32  main.o(.bss)
    USART_RX_BUF                             0x200000d4   Data         200  usart.o(.bss)
    Real_Position_Value                      0x20000390   Data          16  motor_driver.o(.bss)
    TxBuffer                                 0x200003a0   Data         256  my_usart.o(.bss)
    Data                                     0x200004a0   Data           9  motor_ps2.o(.bss)
    __heap_base                              0x200004b0   Data           0  startup_stm32f40_41xxx.o(HEAP)
    __heap_limit                             0x200084b0   Data           0  startup_stm32f40_41xxx.o(HEAP)
    __initial_sp                             0x200088b0   Data           0  startup_stm32f40_41xxx.o(STACK)



==============================================================================

Memory Map of the image

  Image Entry point : 0x08000189

  Load Region LR_IROM1 (Base: 0x08000000, Size: 0x00005f78, Max: 0x00100000, ABSOLUTE)

    Execution Region ER_IROM1 (Base: 0x08000000, Size: 0x00005ec4, Max: 0x00100000, ABSOLUTE)

    Base Addr    Size         Type   Attr      Idx    E Section Name        Object

    0x08000000   0x00000188   Data   RO          239    RESET               startup_stm32f40_41xxx.o
    0x08000188   0x00000000   Code   RO         1342  * .ARM.Collect$$$$00000000  mc_w.l(entry.o)
    0x08000188   0x00000004   Code   RO         1638    .ARM.Collect$$$$00000001  mc_w.l(entry2.o)
    0x0800018c   0x00000004   Code   RO         1641    .ARM.Collect$$$$00000004  mc_w.l(entry5.o)
    0x08000190   0x00000000   Code   RO         1643    .ARM.Collect$$$$00000008  mc_w.l(entry7b.o)
    0x08000190   0x00000000   Code   RO         1645    .ARM.Collect$$$$0000000A  mc_w.l(entry8b.o)
    0x08000190   0x00000008   Code   RO         1646    .ARM.Collect$$$$0000000B  mc_w.l(entry9a.o)
    0x08000198   0x00000000   Code   RO         1648    .ARM.Collect$$$$0000000D  mc_w.l(entry10a.o)
    0x08000198   0x00000000   Code   RO         1650    .ARM.Collect$$$$0000000F  mc_w.l(entry11a.o)
    0x08000198   0x00000004   Code   RO         1639    .ARM.Collect$$$$00002712  mc_w.l(entry2.o)
    0x0800019c   0x0000030c   Code   RO            3    .text               main.o
    0x080004a8   0x0000001a   Code   RO          190    .text               stm32f4xx_it.o
    0x080004c2   0x00000002   PAD
    0x080004c4   0x00000210   Code   RO          213    .text               system_stm32f4xx.o
    0x080006d4   0x00000024   Code   RO          240    .text               startup_stm32f40_41xxx.o
    0x080006f8   0x000000e0   Code   RO          246    .text               misc.o
    0x080007d8   0x000009f0   Code   RO          312    .text               stm32f4xx_can.o
    0x080011c8   0x00000294   Code   RO          621    .text               stm32f4xx_gpio.o
    0x0800145c   0x0000065c   Code   RO          784    .text               stm32f4xx_rcc.o
    0x08001ab8   0x00000480   Code   RO          889    .text               stm32f4xx_spi.o
    0x08001f38   0x00000ca2   Code   RO          929    .text               stm32f4xx_tim.o
    0x08002bda   0x00000002   PAD
    0x08002bdc   0x00000454   Code   RO          949    .text               stm32f4xx_usart.o
    0x08003030   0x00000104   Code   RO          989    .text               delay.o
    0x08003134   0x00000148   Code   RO         1029    .text               usart.o
    0x0800327c   0x000000e4   Code   RO         1058    .text               sensor_driver.o
    0x08003360   0x00000a00   Code   RO         1082    .text               motor_driver.o
    0x08003d60   0x000002f8   Code   RO         1109    .text               pid_control.o
    0x08004058   0x00000278   Code   RO         1139    .text               my_usart.o
    0x080042d0   0x000000e0   Code   RO         1163    .text               timer.o
    0x080043b0   0x000002f0   Code   RO         1193    .text               robot_action.o
    0x080046a0   0x00000036   Code   RO         1217    .text               robot_delay.o
    0x080046d6   0x00000002   PAD
    0x080046d8   0x00000040   Code   RO         1231    .text               beep.o
    0x08004718   0x0000041c   Code   RO         1251    .text               motor_ps2.o
    0x08004b34   0x00000354   Code   RO         1298    .text               24l01.o
    0x08004e88   0x00000118   Code   RO         1324    .text               spi.o
    0x08004fa0   0x00000024   Code   RO         1345    .text               mc_w.l(memseta.o)
    0x08004fc4   0x00000026   Code   RO         1636    .text               mf_w.l(f2d.o)
    0x08004fea   0x0000002c   Code   RO         1652    .text               mc_w.l(uidiv.o)
    0x08005016   0x00000062   Code   RO         1654    .text               mc_w.l(uldiv.o)
    0x08005078   0x00000000   Code   RO         1662    .text               mc_w.l(iusefp.o)
    0x08005078   0x0000014e   Code   RO         1663    .text               mf_w.l(dadd.o)
    0x080051c6   0x000000e4   Code   RO         1665    .text               mf_w.l(dmul.o)
    0x080052aa   0x000000de   Code   RO         1667    .text               mf_w.l(ddiv.o)
    0x08005388   0x00000030   Code   RO         1669    .text               mf_w.l(dfixul.o)
    0x080053b8   0x00000030   Code   RO         1671    .text               mf_w.l(cdrcmple.o)
    0x080053e8   0x00000024   Code   RO         1673    .text               mc_w.l(init.o)
    0x0800540c   0x0000001e   Code   RO         1675    .text               mc_w.l(llshl.o)
    0x0800542a   0x00000020   Code   RO         1677    .text               mc_w.l(llushr.o)
    0x0800544a   0x00000024   Code   RO         1679    .text               mc_w.l(llsshr.o)
    0x0800546e   0x000000ba   Code   RO         1681    .text               mf_w.l(depilogue.o)
    0x08005528   0x00000020   Code   RO         1580    i.__0printf         mc_w.l(printfa.o)
    0x08005548   0x00000028   Code   RO         1582    i.__0sprintf        mc_w.l(printfa.o)
    0x08005570   0x0000000e   Code   RO         1685    i.__scatterload_copy  mc_w.l(handlers.o)
    0x0800557e   0x00000002   Code   RO         1686    i.__scatterload_null  mc_w.l(handlers.o)
    0x08005580   0x0000000e   Code   RO         1687    i.__scatterload_zeroinit  mc_w.l(handlers.o)
    0x0800558e   0x00000002   PAD
    0x08005590   0x00000164   Code   RO         1587    i._fp_digits        mc_w.l(printfa.o)
    0x080056f4   0x000006dc   Code   RO         1588    i._printf_core      mc_w.l(printfa.o)
    0x08005dd0   0x00000024   Code   RO         1589    i._printf_post_padding  mc_w.l(printfa.o)
    0x08005df4   0x0000002e   Code   RO         1590    i._printf_pre_padding  mc_w.l(printfa.o)
    0x08005e22   0x0000000a   Code   RO         1592    i._sputc            mc_w.l(printfa.o)
    0x08005e2c   0x0000006c   Code   RO         1609    i.malloc            mc_w.l(malloc.o)
    0x08005e98   0x0000000a   Data   RO         1299    .constdata          24l01.o
    0x08005ea2   0x00000002   PAD
    0x08005ea4   0x00000020   Data   RO         1683    Region$$Table       anon$$obj.o


    Execution Region RW_IRAM1 (Base: 0x20000000, Size: 0x000088b0, Max: 0x00020000, ABSOLUTE)

    Base Addr    Size         Type   Attr      Idx    E Section Name        Object

    0x20000000   0x00000005   Data   RW            5    .data               main.o
    0x20000005   0x00000003   PAD
    0x20000008   0x00000014   Data   RW          214    .data               system_stm32f4xx.o
    0x2000001c   0x00000010   Data   RW          785    .data               stm32f4xx_rcc.o
    0x2000002c   0x00000004   Data   RW          990    .data               delay.o
    0x20000030   0x00000006   Data   RW         1031    .data               usart.o
    0x20000036   0x00000022   Data   RW         1060    .data               sensor_driver.o
    0x20000058   0x0000001e   Data   RW         1084    .data               motor_driver.o
    0x20000076   0x00000002   PAD
    0x20000078   0x00000008   Data   RW         1110    .data               pid_control.o
    0x20000080   0x00000002   Data   RW         1141    .data               my_usart.o
    0x20000082   0x00000004   Data   RW         1194    .data               robot_action.o
    0x20000086   0x00000024   Data   RW         1253    .data               motor_ps2.o
    0x200000aa   0x00000002   PAD
    0x200000ac   0x00000004   Data   RW         1660    .data               mc_w.l(mvars.o)
    0x200000b0   0x00000004   Data   RW         1661    .data               mc_w.l(mvars.o)
    0x200000b4   0x00000020   Zero   RW            4    .bss                main.o
    0x200000d4   0x000000c8   Zero   RW         1030    .bss                usart.o
    0x2000019c   0x000001f4   Zero   RW         1059    .bss                sensor_driver.o
    0x20000390   0x00000010   Zero   RW         1083    .bss                motor_driver.o
    0x200003a0   0x00000100   Zero   RW         1140    .bss                my_usart.o
    0x200004a0   0x00000009   Zero   RW         1252    .bss                motor_ps2.o
    0x200004a9   0x00000007   PAD
    0x200004b0   0x00008000   Zero   RW          238    HEAP                startup_stm32f40_41xxx.o
    0x200084b0   0x00000400   Zero   RW          237    STACK               startup_stm32f40_41xxx.o


==============================================================================

Image component sizes


      Code (inc. data)   RO Data    RW Data    ZI Data      Debug   Object Name

       852         38         10          0          0       3781   24l01.o
        64          4          0          0          0        516   beep.o
       260          8          0          4          0       1409   delay.o
       780         66          0          5         32     292163   main.o
       224         20          0          0          0     239113   misc.o
      2560         54          0         30         16       8756   motor_driver.o
      1052         30          0         36          9       3847   motor_ps2.o
       632         28          0          2        256       2017   my_usart.o
       760         84          0          8          0       2942   pid_control.o
       752          8          0          4          0       3111   robot_action.o
        54          0          0          0          0        852   robot_delay.o
       228         34          0         34        500       1209   sensor_driver.o
       280          8          0          0          0       1045   spi.o
        36          8        392          0      33792        816   startup_stm32f40_41xxx.o
      2544         38          0          0          0       7940   stm32f4xx_can.o
       660         44          0          0          0       4065   stm32f4xx_gpio.o
        26          0          0          0          0       1210   stm32f4xx_it.o
      1628         52          0         16          0      12840   stm32f4xx_rcc.o
      1152         36          0          0          0       6817   stm32f4xx_spi.o
      3234         60          0          0          0      22272   stm32f4xx_tim.o
      1108         34          0          0          0       7768   stm32f4xx_usart.o
       528         46          0         20          0       1735   system_stm32f4xx.o
       224         10          0          0          0       1286   timer.o
       328         16          0          6        200       3246   usart.o

    ----------------------------------------------------------------------
     19972        726        436        172      34812     630756   Object Totals
         0          0         32          0          0          0   (incl. Generated)
         6          0          2          7          7          0   (incl. Padding)

    ----------------------------------------------------------------------

      Code (inc. data)   RO Data    RW Data    ZI Data      Debug   Library Member Name

         0          0          0          0          0          0   entry.o
         0          0          0          0          0          0   entry10a.o
         0          0          0          0          0          0   entry11a.o
         8          4          0          0          0          0   entry2.o
         4          0          0          0          0          0   entry5.o
         0          0          0          0          0          0   entry7b.o
         0          0          0          0          0          0   entry8b.o
         8          4          0          0          0          0   entry9a.o
        30          0          0          0          0          0   handlers.o
        36          8          0          0          0         68   init.o
         0          0          0          0          0          0   iusefp.o
        30          0          0          0          0         68   llshl.o
        36          0          0          0          0         68   llsshr.o
        32          0          0          0          0         68   llushr.o
       108         16          0          0          0         84   malloc.o
        36          0          0          0          0        108   memseta.o
         0          0          0          8          0          0   mvars.o
      2276         96          0          0          0        596   printfa.o
        44          0          0          0          0         80   uidiv.o
        98          0          0          0          0         92   uldiv.o
        48          0          0          0          0         68   cdrcmple.o
       334          0          0          0          0        148   dadd.o
       222          0          0          0          0        100   ddiv.o
       186          0          0          0          0        176   depilogue.o
        48          0          0          0          0         68   dfixul.o
       228          0          0          0          0         96   dmul.o
        38          0          0          0          0         68   f2d.o

    ----------------------------------------------------------------------
      3852        128          0          8          0       1956   Library Totals
         2          0          0          0          0          0   (incl. Padding)

    ----------------------------------------------------------------------

      Code (inc. data)   RO Data    RW Data    ZI Data      Debug   Library Name

      2746        128          0          8          0       1232   mc_w.l
      1104          0          0          0          0        724   mf_w.l

    ----------------------------------------------------------------------
      3852        128          0          8          0       1956   Library Totals

    ----------------------------------------------------------------------

==============================================================================


      Code (inc. data)   RO Data    RW Data    ZI Data      Debug   

     23824        854        436        180      34812     627528   Grand Totals
     23824        854        436        180      34812     627528   ELF Image Totals
     23824        854        436        180          0          0   ROM Totals

==============================================================================

    Total RO  Size (Code + RO Data)                24260 (  23.69kB)
    Total RW  Size (RW Data + ZI Data)             34992 (  34.17kB)
    Total ROM Size (Code + RO Data + RW Data)      24440 (  23.87kB)

==============================================================================

